2026-09-03 00:12:31,127 [HikariPool-30 housekeeper] WARN  com.zaxxer.hikari.pool.HikariPool - HikariPool-30 - Thread starvation or clock leap detected (housekeeper delta=18m27s950ms).
2026-09-03 00:13:20,167 [HikariPool-30 housekeeper] WARN  com.zaxxer.hikari.pool.HikariPool - HikariPool-30 - Thread starvation or clock leap detected (housekeeper delta=49s40ms).
2026-09-03 00:34:33,766 [HikariPool-30 housekeeper] WARN  com.zaxxer.hikari.pool.HikariPool - HikariPool-30 - Thread starvation or clock leap detected (housekeeper delta=20m43s592ms).
2026-09-03 01:05:17,289 [HikariPool-30 housekeeper] WARN  com.zaxxer.hikari.pool.HikariPool - HikariPool-30 - Thread starvation or clock leap detected (housekeeper delta=29m28s524ms).
2026-09-03 01:54:02,604 [HikariPool-30 housekeeper] WARN  com.zaxxer.hikari.pool.HikariPool - HikariPool-30 - Thread starvation or clock leap detected (housekeeper delta=48m15s301ms).
2026-09-03 01:56:31,215 [HikariPool-30 housekeeper] WARN  com.zaxxer.hikari.pool.HikariPool - HikariPool-30 - Thread starvation or clock leap detected (housekeeper delta=2m28s610ms).
2026-09-03 01:57:51,613 [HikariPool-30 housekeeper] WARN  com.zaxxer.hikari.pool.HikariPool - HikariPool-30 - Thread starvation or clock leap detected (housekeeper delta=1m20s398ms).
2026-09-03 02:50:46,596 [HikariPool-30 housekeeper] WARN  com.zaxxer.hikari.pool.HikariPool - HikariPool-30 - Thread starvation or clock leap detected (housekeeper delta=52m24s977ms).
2026-09-03 03:42:01,639 [HikariPool-30 housekeeper] WARN  com.zaxxer.hikari.pool.HikariPool - HikariPool-30 - Thread starvation or clock leap detected (housekeeper delta=50m45s42ms).
2026-09-03 04:48:33,718 [HikariPool-30 housekeeper] WARN  com.zaxxer.hikari.pool.HikariPool - HikariPool-30 - Thread starvation or clock leap detected (housekeeper delta=1h6m2s60ms).
2026-09-03 05:48:42,240 [HikariPool-30 housekeeper] WARN  com.zaxxer.hikari.pool.HikariPool - HikariPool-30 - Thread starvation or clock leap detected (housekeeper delta=1h8s522ms).
2026-09-03 05:54:39,776 [HikariPool-30 housekeeper] WARN  com.zaxxer.hikari.pool.HikariPool - HikariPool-30 - Thread starvation or clock leap detected (housekeeper delta=5m27s521ms).
2026-09-03 06:19:00,286 [HikariPool-30 housekeeper] WARN  com.zaxxer.hikari.pool.HikariPool - HikariPool-30 - Thread starvation or clock leap detected (housekeeper delta=24m20s509ms).
2026-09-03 06:53:32,427 [HikariPool-30 housekeeper] WARN  com.zaxxer.hikari.pool.HikariPool - HikariPool-30 - Thread starvation or clock leap detected (housekeeper delta=34m2s130ms).
2026-09-03 06:57:29,398 [HikariPool-30 housekeeper] WARN  com.zaxxer.hikari.pool.HikariPool - HikariPool-30 - Thread starvation or clock leap detected (housekeeper delta=3m26s979ms).
2026-09-03 07:01:30,483 [HikariPool-30 housekeeper] WARN  com.zaxxer.hikari.pool.HikariPool - HikariPool-30 - Thread starvation or clock leap detected (housekeeper delta=3m31s73ms).
2026-09-03 07:10:31,680 [HikariPool-30 housekeeper] WARN  com.zaxxer.hikari.pool.HikariPool - HikariPool-30 - Thread starvation or clock leap detected (housekeeper delta=9m1s195ms).
2026-09-03 07:12:46,756 [HikariPool-30 housekeeper] WARN  com.zaxxer.hikari.pool.HikariPool - HikariPool-30 - Thread starvation or clock leap detected (housekeeper delta=1m1s457ms).
2026-09-03 07:23:39,889 [HikariPool-30 housekeeper] WARN  com.zaxxer.hikari.pool.HikariPool - HikariPool-30 - Thread starvation or clock leap detected (housekeeper delta=9m52s466ms).
2026-09-03 07:32:03,238 [HikariPool-30 housekeeper] WARN  com.zaxxer.hikari.pool.HikariPool - HikariPool-30 - Thread starvation or clock leap detected (housekeeper delta=7m53s336ms).
2026-09-03 07:32:14,237 [SpringApplicationShutdownHook] INFO  o.s.o.j.LocalContainerEntityManagerFactoryBean - Closing JPA EntityManagerFactory for persistence unit 'default'
2026-09-03 07:32:14,305 [SpringApplicationShutdownHook] INFO  com.zaxxer.hikari.HikariDataSource - HikariPool-30 - Shutdown initiated...
2026-09-03 07:32:14,367 [SpringApplicationShutdownHook] INFO  com.zaxxer.hikari.HikariDataSource - HikariPool-30 - Shutdown completed.
2026-09-03 07:35:58,165 [restartedMain] INFO  c.s.f.FiletransferApplication - Starting FiletransferApplication using Java 17.0.9 with PID 99632 (/Users/aileen/MyProjects/Interview Practice/Projects/filetransfer/target/classes started by aileen in /Users/aileen/MyProjects/Interview Practice/Projects/filetransfer)
2026-09-03 07:35:58,166 [restartedMain] INFO  c.s.f.FiletransferApplication - The following 1 profile is active: "dev"
2026-09-03 07:35:58,185 [restartedMain] INFO  o.s.b.d.e.DevToolsPropertyDefaultsPostProcessor - Devtools property defaults active! Set 'spring.devtools.add-properties' to 'false' to disable
2026-09-03 07:35:58,185 [restartedMain] INFO  o.s.b.d.e.DevToolsPropertyDefaultsPostProcessor - For additional web related logging consider setting the 'logging.level.web' property to 'DEBUG'
2026-09-03 07:35:58,459 [restartedMain] INFO  o.s.d.r.c.RepositoryConfigurationDelegate - Bootstrapping Spring Data JPA repositories in DEFAULT mode.
2026-09-03 07:35:58,469 [restartedMain] INFO  o.s.d.r.c.RepositoryConfigurationDelegate - Finished Spring Data repository scanning in 6 ms. Found 0 JPA repository interfaces.
2026-09-03 07:35:58,949 [restartedMain] INFO  c.s.f.config.SecretsManagerConfig - Fetching secrets from AWS Secrets Manager [secretId=s3-to-azure/credentials]
2026-09-03 07:35:59,375 [restartedMain] ERROR c.s.f.config.SecretsManagerConfig - Failed to fetch secrets from AWS Secrets Manager
software.amazon.awssdk.services.secretsmanager.model.SecretsManagerException: The security token included in the request is invalid. (Service: SecretsManager, Status Code: 400, Request ID: 68abc27a-d6be-472a-ad54-42c554ffd8c0)
	at software.amazon.awssdk.core.internal.http.CombinedResponseHandler.handleErrorResponse(CombinedResponseHandler.java:125)
	at software.amazon.awssdk.core.internal.http.CombinedResponseHandler.handleResponse(CombinedResponseHandler.java:82)
	at software.amazon.awssdk.core.internal.http.CombinedResponseHandler.handle(CombinedResponseHandler.java:60)
	at software.amazon.awssdk.core.internal.http.CombinedResponseHandler.handle(CombinedResponseHandler.java:41)
	at software.amazon.awssdk.core.internal.http.pipeline.stages.HandleResponseStage.execute(HandleResponseStage.java:50)
	at software.amazon.awssdk.core.internal.http.pipeline.stages.HandleResponseStage.execute(HandleResponseStage.java:38)
	at software.amazon.awssdk.core.internal.http.pipeline.RequestPipelineBuilder$ComposingRequestPipelineStage.execute(RequestPipelineBuilder.java:206)
	at software.amazon.awssdk.core.internal.http.pipeline.stages.ApiCallAttemptTimeoutTrackingStage.execute(ApiCallAttemptTimeoutTrackingStage.java:74)
	at software.amazon.awssdk.core.internal.http.pipeline.stages.ApiCallAttemptTimeoutTrackingStage.execute(ApiCallAttemptTimeoutTrackingStage.java:43)
	at software.amazon.awssdk.core.internal.http.pipeline.stages.TimeoutExceptionHandlingStage.execute(TimeoutExceptionHandlingStage.java:79)
	at software.amazon.awssdk.core.internal.http.pipeline.stages.TimeoutExceptionHandlingStage.execute(TimeoutExceptionHandlingStage.java:41)
	at software.amazon.awssdk.core.internal.http.pipeline.stages.ApiCallAttemptMetricCollectionStage.execute(ApiCallAttemptMetricCollectionStage.java:55)
	at software.amazon.awssdk.core.internal.http.pipeline.stages.ApiCallAttemptMetricCollectionStage.execute(ApiCallAttemptMetricCollectionStage.java:39)
	at software.amazon.awssdk.core.internal.http.pipeline.stages.RetryableStage2.executeRequest(RetryableStage2.java:93)
	at software.amazon.awssdk.core.internal.http.pipeline.stages.RetryableStage2.execute(RetryableStage2.java:56)
	at software.amazon.awssdk.core.internal.http.pipeline.stages.RetryableStage2.execute(RetryableStage2.java:36)
	at software.amazon.awssdk.core.internal.http.pipeline.RequestPipelineBuilder$ComposingRequestPipelineStage.execute(RequestPipelineBuilder.java:206)
	at software.amazon.awssdk.core.internal.http.StreamManagingStage.execute(StreamManagingStage.java:53)
	at software.amazon.awssdk.core.internal.http.StreamManagingStage.execute(StreamManagingStage.java:35)
	at software.amazon.awssdk.core.internal.http.pipeline.stages.ApiCallTimeoutTrackingStage.executeWithTimer(ApiCallTimeoutTrackingStage.java:82)
	at software.amazon.awssdk.core.internal.http.pipeline.stages.ApiCallTimeoutTrackingStage.execute(ApiCallTimeoutTrackingStage.java:62)
	at software.amazon.awssdk.core.internal.http.pipeline.stages.ApiCallTimeoutTrackingStage.execute(ApiCallTimeoutTrackingStage.java:43)
	at software.amazon.awssdk.core.internal.http.pipeline.stages.ApiCallMetricCollectionStage.execute(ApiCallMetricCollectionStage.java:50)
	at software.amazon.awssdk.core.internal.http.pipeline.stages.ApiCallMetricCollectionStage.execute(ApiCallMetricCollectionStage.java:32)
	at software.amazon.awssdk.core.internal.http.pipeline.RequestPipelineBuilder$ComposingRequestPipelineStage.execute(RequestPipelineBuilder.java:206)
	at software.amazon.awssdk.core.internal.http.pipeline.RequestPipelineBuilder$ComposingRequestPipelineStage.execute(RequestPipelineBuilder.java:206)
	at software.amazon.awssdk.core.internal.http.pipeline.stages.ExecutionFailureExceptionReportingStage.execute(ExecutionFailureExceptionReportingStage.java:37)
	at software.amazon.awssdk.core.internal.http.pipeline.stages.ExecutionFailureExceptionReportingStage.execute(ExecutionFailureExceptionReportingStage.java:26)
	at software.amazon.awssdk.core.internal.http.AmazonSyncHttpClient$RequestExecutionBuilderImpl.execute(AmazonSyncHttpClient.java:210)
	at software.amazon.awssdk.core.internal.handler.BaseSyncClientHandler.invoke(BaseSyncClientHandler.java:103)
	at software.amazon.awssdk.core.internal.handler.BaseSyncClientHandler.doExecute(BaseSyncClientHandler.java:173)
	at software.amazon.awssdk.core.internal.handler.BaseSyncClientHandler.lambda$execute$1(BaseSyncClientHandler.java:80)
	at software.amazon.awssdk.core.internal.handler.BaseSyncClientHandler.measureApiCallSuccess(BaseSyncClientHandler.java:182)
	at software.amazon.awssdk.core.internal.handler.BaseSyncClientHandler.execute(BaseSyncClientHandler.java:74)
	at software.amazon.awssdk.core.client.handler.SdkSyncClientHandler.execute(SdkSyncClientHandler.java:45)
	at software.amazon.awssdk.awscore.client.handler.AwsSyncClientHandler.execute(AwsSyncClientHandler.java:53)
	at software.amazon.awssdk.services.secretsmanager.DefaultSecretsManagerClient.getSecretValue(DefaultSecretsManagerClient.java:1129)
	at com.synergisticit.filetransfer.config.SecretsManagerConfig.secrets(SecretsManagerConfig.java:39)
	at com.synergisticit.filetransfer.config.SecretsManagerConfig$$SpringCGLIB$$0.CGLIB$secrets$0(<generated>)
	at com.synergisticit.filetransfer.config.SecretsManagerConfig$$SpringCGLIB$$FastClass$$1.invoke(<generated>)
	at org.springframework.cglib.proxy.MethodProxy.invokeSuper(MethodProxy.java:258)
	at org.springframework.context.annotation.ConfigurationClassEnhancer$BeanMethodInterceptor.intercept(ConfigurationClassEnhancer.java:348)
	at com.synergisticit.filetransfer.config.SecretsManagerConfig$$SpringCGLIB$$0.secrets(<generated>)
	at java.base/jdk.internal.reflect.NativeMethodAccessorImpl.invoke0(Native Method)
	at java.base/jdk.internal.reflect.NativeMethodAccessorImpl.invoke(NativeMethodAccessorImpl.java:77)
	at java.base/jdk.internal.reflect.DelegatingMethodAccessorImpl.invoke(DelegatingMethodAccessorImpl.java:43)
	at java.base/java.lang.reflect.Method.invoke(Method.java:568)
	at org.springframework.beans.factory.support.SimpleInstantiationStrategy.instantiate(SimpleInstantiationStrategy.java:146)
	at org.springframework.beans.factory.support.ConstructorResolver.instantiate(ConstructorResolver.java:644)
	at org.springframework.beans.factory.support.ConstructorResolver.instantiateUsingFactoryMethod(ConstructorResolver.java:636)
	at org.springframework.beans.factory.support.AbstractAutowireCapableBeanFactory.instantiateUsingFactoryMethod(AbstractAutowireCapableBeanFactory.java:1355)
	at org.springframework.beans.factory.support.AbstractAutowireCapableBeanFactory.createBeanInstance(AbstractAutowireCapableBeanFactory.java:1185)
	at org.springframework.beans.factory.support.AbstractAutowireCapableBeanFactory.doCreateBean(AbstractAutowireCapableBeanFactory.java:562)
	at org.springframework.beans.factory.support.AbstractAutowireCapableBeanFactory.createBean(AbstractAutowireCapableBeanFactory.java:522)
	at org.springframework.beans.factory.support.AbstractBeanFactory.lambda$doGetBean$0(AbstractBeanFactory.java:337)
	at org.springframework.beans.factory.support.DefaultSingletonBeanRegistry.getSingleton(DefaultSingletonBeanRegistry.java:234)
	at org.springframework.beans.factory.support.AbstractBeanFactory.doGetBean(AbstractBeanFactory.java:335)
	at org.springframework.beans.factory.support.AbstractBeanFactory.getBean(AbstractBeanFactory.java:200)
	at org.springframework.beans.factory.config.DependencyDescriptor.resolveCandidate(DependencyDescriptor.java:254)
	at org.springframework.beans.factory.support.DefaultListableBeanFactory.doResolveDependency(DefaultListableBeanFactory.java:1443)
	at org.springframework.beans.factory.support.DefaultListableBeanFactory.resolveDependency(DefaultListableBeanFactory.java:1353)
	at org.springframework.beans.factory.support.ConstructorResolver.resolveAutowiredArgument(ConstructorResolver.java:904)
	at org.springframework.beans.factory.support.ConstructorResolver.createArgumentArray(ConstructorResolver.java:782)
	at org.springframework.beans.factory.support.ConstructorResolver.instantiateUsingFactoryMethod(ConstructorResolver.java:542)
	at org.springframework.beans.factory.support.AbstractAutowireCapableBeanFactory.instantiateUsingFactoryMethod(AbstractAutowireCapableBeanFactory.java:1355)
	at org.springframework.beans.factory.support.AbstractAutowireCapableBeanFactory.createBeanInstance(AbstractAutowireCapableBeanFactory.java:1185)
	at org.springframework.beans.factory.support.AbstractAutowireCapableBeanFactory.doCreateBean(AbstractAutowireCapableBeanFactory.java:562)
	at org.springframework.beans.factory.support.AbstractAutowireCapableBeanFactory.createBean(AbstractAutowireCapableBeanFactory.java:522)
	at org.springframework.beans.factory.support.AbstractBeanFactory.lambda$doGetBean$0(AbstractBeanFactory.java:337)
	at org.springframework.beans.factory.support.DefaultSingletonBeanRegistry.getSingleton(DefaultSingletonBeanRegistry.java:234)
	at org.springframework.beans.factory.support.AbstractBeanFactory.doGetBean(AbstractBeanFactory.java:335)
	at org.springframework.beans.factory.support.AbstractBeanFactory.getBean(AbstractBeanFactory.java:200)
	at org.springframework.beans.factory.config.DependencyDescriptor.resolveCandidate(DependencyDescriptor.java:254)
	at org.springframework.beans.factory.support.DefaultListableBeanFactory.doResolveDependency(DefaultListableBeanFactory.java:1443)
	at org.springframework.beans.factory.support.DefaultListableBeanFactory.resolveDependency(DefaultListableBeanFactory.java:1353)
	at org.springframework.beans.factory.support.ConstructorResolver.resolveAutowiredArgument(ConstructorResolver.java:904)
	at org.springframework.beans.factory.support.ConstructorResolver.createArgumentArray(ConstructorResolver.java:782)
	at org.springframework.beans.factory.support.ConstructorResolver.instantiateUsingFactoryMethod(ConstructorResolver.java:542)
	at org.springframework.beans.factory.support.AbstractAutowireCapableBeanFactory.instantiateUsingFactoryMethod(AbstractAutowireCapableBeanFactory.java:1355)
	at org.springframework.beans.factory.support.AbstractAutowireCapableBeanFactory.createBeanInstance(AbstractAutowireCapableBeanFactory.java:1185)
	at org.springframework.beans.factory.support.AbstractAutowireCapableBeanFactory.doCreateBean(AbstractAutowireCapableBeanFactory.java:562)
	at org.springframework.beans.factory.support.AbstractAutowireCapableBeanFactory.createBean(AbstractAutowireCapableBeanFactory.java:522)
	at org.springframework.beans.factory.support.AbstractBeanFactory.lambda$doGetBean$0(AbstractBeanFactory.java:337)
	at org.springframework.beans.factory.support.DefaultSingletonBeanRegistry.getSingleton(DefaultSingletonBeanRegistry.java:234)
	at org.springframework.beans.factory.support.AbstractBeanFactory.doGetBean(AbstractBeanFactory.java:335)
	at org.springframework.beans.factory.support.AbstractBeanFactory.getBean(AbstractBeanFactory.java:200)
	at org.springframework.beans.factory.support.AbstractBeanFactory.doGetBean(AbstractBeanFactory.java:313)
	at org.springframework.beans.factory.support.AbstractBeanFactory.getBean(AbstractBeanFactory.java:205)
	at org.springframework.context.support.AbstractApplicationContext.finishBeanFactoryInitialization(AbstractApplicationContext.java:954)
	at org.springframework.context.support.AbstractApplicationContext.refresh(AbstractApplicationContext.java:625)
	at org.springframework.boot.web.reactive.context.ReactiveWebServerApplicationContext.refresh(ReactiveWebServerApplicationContext.java:66)
	at org.springframework.boot.SpringApplication.refresh(SpringApplication.java:754)
	at org.springframework.boot.SpringApplication.refreshContext(SpringApplication.java:456)
	at org.springframework.boot.SpringApplication.run(SpringApplication.java:335)
	at org.springframework.boot.SpringApplication.run(SpringApplication.java:1363)
	at org.springframework.boot.SpringApplication.run(SpringApplication.java:1352)
	at com.synergisticit.filetransfer.FiletransferApplication.main(FiletransferApplication.java:16)
	at java.base/jdk.internal.reflect.NativeMethodAccessorImpl.invoke0(Native Method)
	at java.base/jdk.internal.reflect.NativeMethodAccessorImpl.invoke(NativeMethodAccessorImpl.java:77)
	at java.base/jdk.internal.reflect.DelegatingMethodAccessorImpl.invoke(DelegatingMethodAccessorImpl.java:43)
	at java.base/java.lang.reflect.Method.invoke(Method.java:568)
	at org.springframework.boot.devtools.restart.RestartLauncher.run(RestartLauncher.java:50)
2026-09-03 07:35:59,380 [restartedMain] WARN  o.s.b.w.r.c.AnnotationConfigReactiveWebServerApplicationContext - Exception encountered during context initialization - cancelling refresh attempt: org.springframework.beans.factory.BeanCreationException: Error creating bean with name 'entityManagerFactory' defined in class path resource [org/springframework/boot/autoconfigure/orm/jpa/HibernateJpaConfiguration.class]: Failed to initialize dependency 'dataSourceScriptDatabaseInitializer' of LoadTimeWeaverAware bean 'entityManagerFactory': Error creating bean with name 'dataSourceScriptDatabaseInitializer' defined in class path resource [org/springframework/boot/autoconfigure/sql/init/DataSourceInitializationConfiguration.class]: Unsatisfied dependency expressed through method 'dataSourceScriptDatabaseInitializer' parameter 0: Error creating bean with name 'dataSource' defined in class path resource [com/synergisticit/filetransfer/config/DataSourceConfig.class]: Unsatisfied dependency expressed through method 'dataSource' parameter 0: Error creating bean with name 'secrets' defined in class path resource [com/synergisticit/filetransfer/config/SecretsManagerConfig.class]: Failed to instantiate [java.util.Map]: Factory method 'secrets' threw exception with message: Failed to initialize cloud secrets
2026-09-03 07:35:59,385 [restartedMain] INFO  o.s.b.a.l.ConditionEvaluationReportLogger - 

Error starting ApplicationContext. To display the condition evaluation report re-run your application with 'debug' enabled.
2026-09-03 07:35:59,395 [restartedMain] ERROR o.s.boot.SpringApplication - Application run failed
org.springframework.beans.factory.BeanCreationException: Error creating bean with name 'entityManagerFactory' defined in class path resource [org/springframework/boot/autoconfigure/orm/jpa/HibernateJpaConfiguration.class]: Failed to initialize dependency 'dataSourceScriptDatabaseInitializer' of LoadTimeWeaverAware bean 'entityManagerFactory': Error creating bean with name 'dataSourceScriptDatabaseInitializer' defined in class path resource [org/springframework/boot/autoconfigure/sql/init/DataSourceInitializationConfiguration.class]: Unsatisfied dependency expressed through method 'dataSourceScriptDatabaseInitializer' parameter 0: Error creating bean with name 'dataSource' defined in class path resource [com/synergisticit/filetransfer/config/DataSourceConfig.class]: Unsatisfied dependency expressed through method 'dataSource' parameter 0: Error creating bean with name 'secrets' defined in class path resource [com/synergisticit/filetransfer/config/SecretsManagerConfig.class]: Failed to instantiate [java.util.Map]: Factory method 'secrets' threw exception with message: Failed to initialize cloud secrets
	at org.springframework.beans.factory.support.AbstractBeanFactory.doGetBean(AbstractBeanFactory.java:326)
	at org.springframework.beans.factory.support.AbstractBeanFactory.getBean(AbstractBeanFactory.java:205)
	at org.springframework.context.support.AbstractApplicationContext.finishBeanFactoryInitialization(AbstractApplicationContext.java:954)
	at org.springframework.context.support.AbstractApplicationContext.refresh(AbstractApplicationContext.java:625)
	at org.springframework.boot.web.reactive.context.ReactiveWebServerApplicationContext.refresh(ReactiveWebServerApplicationContext.java:66)
	at org.springframework.boot.SpringApplication.refresh(SpringApplication.java:754)
	at org.springframework.boot.SpringApplication.refreshContext(SpringApplication.java:456)
	at org.springframework.boot.SpringApplication.run(SpringApplication.java:335)
	at org.springframework.boot.SpringApplication.run(SpringApplication.java:1363)
	at org.springframework.boot.SpringApplication.run(SpringApplication.java:1352)
	at com.synergisticit.filetransfer.FiletransferApplication.main(FiletransferApplication.java:16)
	at java.base/jdk.internal.reflect.NativeMethodAccessorImpl.invoke0(Native Method)
	at java.base/jdk.internal.reflect.NativeMethodAccessorImpl.invoke(NativeMethodAccessorImpl.java:77)
	at java.base/jdk.internal.reflect.DelegatingMethodAccessorImpl.invoke(DelegatingMethodAccessorImpl.java:43)
	at java.base/java.lang.reflect.Method.invoke(Method.java:568)
	at org.springframework.boot.devtools.restart.RestartLauncher.run(RestartLauncher.java:50)
Caused by: org.springframework.beans.factory.UnsatisfiedDependencyException: Error creating bean with name 'dataSourceScriptDatabaseInitializer' defined in class path resource [org/springframework/boot/autoconfigure/sql/init/DataSourceInitializationConfiguration.class]: Unsatisfied dependency expressed through method 'dataSourceScriptDatabaseInitializer' parameter 0: Error creating bean with name 'dataSource' defined in class path resource [com/synergisticit/filetransfer/config/DataSourceConfig.class]: Unsatisfied dependency expressed through method 'dataSource' parameter 0: Error creating bean with name 'secrets' defined in class path resource [com/synergisticit/filetransfer/config/SecretsManagerConfig.class]: Failed to instantiate [java.util.Map]: Factory method 'secrets' threw exception with message: Failed to initialize cloud secrets
	at org.springframework.beans.factory.support.ConstructorResolver.createArgumentArray(ConstructorResolver.java:795)
	at org.springframework.beans.factory.support.ConstructorResolver.instantiateUsingFactoryMethod(ConstructorResolver.java:542)
	at org.springframework.beans.factory.support.AbstractAutowireCapableBeanFactory.instantiateUsingFactoryMethod(AbstractAutowireCapableBeanFactory.java:1355)
	at org.springframework.beans.factory.support.AbstractAutowireCapableBeanFactory.createBeanInstance(AbstractAutowireCapableBeanFactory.java:1185)
	at org.springframework.beans.factory.support.AbstractAutowireCapableBeanFactory.doCreateBean(AbstractAutowireCapableBeanFactory.java:562)
	at org.springframework.beans.factory.support.AbstractAutowireCapableBeanFactory.createBean(AbstractAutowireCapableBeanFactory.java:522)
	at org.springframework.beans.factory.support.AbstractBeanFactory.lambda$doGetBean$0(AbstractBeanFactory.java:337)
	at org.springframework.beans.factory.support.DefaultSingletonBeanRegistry.getSingleton(DefaultSingletonBeanRegistry.java:234)
	at org.springframework.beans.factory.support.AbstractBeanFactory.doGetBean(AbstractBeanFactory.java:335)
	at org.springframework.beans.factory.support.AbstractBeanFactory.getBean(AbstractBeanFactory.java:200)
	at org.springframework.beans.factory.support.AbstractBeanFactory.doGetBean(AbstractBeanFactory.java:313)
	... 15 common frames omitted
Caused by: org.springframework.beans.factory.UnsatisfiedDependencyException: Error creating bean with name 'dataSource' defined in class path resource [com/synergisticit/filetransfer/config/DataSourceConfig.class]: Unsatisfied dependency expressed through method 'dataSource' parameter 0: Error creating bean with name 'secrets' defined in class path resource [com/synergisticit/filetransfer/config/SecretsManagerConfig.class]: Failed to instantiate [java.util.Map]: Factory method 'secrets' threw exception with message: Failed to initialize cloud secrets
	at org.springframework.beans.factory.support.ConstructorResolver.createArgumentArray(ConstructorResolver.java:795)
	at org.springframework.beans.factory.support.ConstructorResolver.instantiateUsingFactoryMethod(ConstructorResolver.java:542)
	at org.springframework.beans.factory.support.AbstractAutowireCapableBeanFactory.instantiateUsingFactoryMethod(AbstractAutowireCapableBeanFactory.java:1355)
	at org.springframework.beans.factory.support.AbstractAutowireCapableBeanFactory.createBeanInstance(AbstractAutowireCapableBeanFactory.java:1185)
	at org.springframework.beans.factory.support.AbstractAutowireCapableBeanFactory.doCreateBean(AbstractAutowireCapableBeanFactory.java:562)
	at org.springframework.beans.factory.support.AbstractAutowireCapableBeanFactory.createBean(AbstractAutowireCapableBeanFactory.java:522)
	at org.springframework.beans.factory.support.AbstractBeanFactory.lambda$doGetBean$0(AbstractBeanFactory.java:337)
	at org.springframework.beans.factory.support.DefaultSingletonBeanRegistry.getSingleton(DefaultSingletonBeanRegistry.java:234)
	at org.springframework.beans.factory.support.AbstractBeanFactory.doGetBean(AbstractBeanFactory.java:335)
	at org.springframework.beans.factory.support.AbstractBeanFactory.getBean(AbstractBeanFactory.java:200)
	at org.springframework.beans.factory.config.DependencyDescriptor.resolveCandidate(DependencyDescriptor.java:254)
	at org.springframework.beans.factory.support.DefaultListableBeanFactory.doResolveDependency(DefaultListableBeanFactory.java:1443)
	at org.springframework.beans.factory.support.DefaultListableBeanFactory.resolveDependency(DefaultListableBeanFactory.java:1353)
	at org.springframework.beans.factory.support.ConstructorResolver.resolveAutowiredArgument(ConstructorResolver.java:904)
	at org.springframework.beans.factory.support.ConstructorResolver.createArgumentArray(ConstructorResolver.java:782)
	... 25 common frames omitted
Caused by: org.springframework.beans.factory.BeanCreationException: Error creating bean with name 'secrets' defined in class path resource [com/synergisticit/filetransfer/config/SecretsManagerConfig.class]: Failed to instantiate [java.util.Map]: Factory method 'secrets' threw exception with message: Failed to initialize cloud secrets
	at org.springframework.beans.factory.support.ConstructorResolver.instantiate(ConstructorResolver.java:648)
	at org.springframework.beans.factory.support.ConstructorResolver.instantiateUsingFactoryMethod(ConstructorResolver.java:636)
	at org.springframework.beans.factory.support.AbstractAutowireCapableBeanFactory.instantiateUsingFactoryMethod(AbstractAutowireCapableBeanFactory.java:1355)
	at org.springframework.beans.factory.support.AbstractAutowireCapableBeanFactory.createBeanInstance(AbstractAutowireCapableBeanFactory.java:1185)
	at org.springframework.beans.factory.support.AbstractAutowireCapableBeanFactory.doCreateBean(AbstractAutowireCapableBeanFactory.java:562)
	at org.springframework.beans.factory.support.AbstractAutowireCapableBeanFactory.createBean(AbstractAutowireCapableBeanFactory.java:522)
	at org.springframework.beans.factory.support.AbstractBeanFactory.lambda$doGetBean$0(AbstractBeanFactory.java:337)
	at org.springframework.beans.factory.support.DefaultSingletonBeanRegistry.getSingleton(DefaultSingletonBeanRegistry.java:234)
	at org.springframework.beans.factory.support.AbstractBeanFactory.doGetBean(AbstractBeanFactory.java:335)
	at org.springframework.beans.factory.support.AbstractBeanFactory.getBean(AbstractBeanFactory.java:200)
	at org.springframework.beans.factory.config.DependencyDescriptor.resolveCandidate(DependencyDescriptor.java:254)
	at org.springframework.beans.factory.support.DefaultListableBeanFactory.doResolveDependency(DefaultListableBeanFactory.java:1443)
	at org.springframework.beans.factory.support.DefaultListableBeanFactory.resolveDependency(DefaultListableBeanFactory.java:1353)
	at org.springframework.beans.factory.support.ConstructorResolver.resolveAutowiredArgument(ConstructorResolver.java:904)
	at org.springframework.beans.factory.support.ConstructorResolver.createArgumentArray(ConstructorResolver.java:782)
	... 39 common frames omitted
Caused by: org.springframework.beans.BeanInstantiationException: Failed to instantiate [java.util.Map]: Factory method 'secrets' threw exception with message: Failed to initialize cloud secrets
	at org.springframework.beans.factory.support.SimpleInstantiationStrategy.instantiate(SimpleInstantiationStrategy.java:178)
	at org.springframework.beans.factory.support.ConstructorResolver.instantiate(ConstructorResolver.java:644)
	... 53 common frames omitted
Caused by: java.lang.IllegalStateException: Failed to initialize cloud secrets
	at com.synergisticit.filetransfer.config.SecretsManagerConfig.secrets(SecretsManagerConfig.java:55)
	at com.synergisticit.filetransfer.config.SecretsManagerConfig$$SpringCGLIB$$0.CGLIB$secrets$0(<generated>)
	at com.synergisticit.filetransfer.config.SecretsManagerConfig$$SpringCGLIB$$FastClass$$1.invoke(<generated>)
	at org.springframework.cglib.proxy.MethodProxy.invokeSuper(MethodProxy.java:258)
	at org.springframework.context.annotation.ConfigurationClassEnhancer$BeanMethodInterceptor.intercept(ConfigurationClassEnhancer.java:348)
	at com.synergisticit.filetransfer.config.SecretsManagerConfig$$SpringCGLIB$$0.secrets(<generated>)
	at java.base/jdk.internal.reflect.NativeMethodAccessorImpl.invoke0(Native Method)
	at java.base/jdk.internal.reflect.NativeMethodAccessorImpl.invoke(NativeMethodAccessorImpl.java:77)
	at java.base/jdk.internal.reflect.DelegatingMethodAccessorImpl.invoke(DelegatingMethodAccessorImpl.java:43)
	at java.base/java.lang.reflect.Method.invoke(Method.java:568)
	at org.springframework.beans.factory.support.SimpleInstantiationStrategy.instantiate(SimpleInstantiationStrategy.java:146)
	... 54 common frames omitted
Caused by: software.amazon.awssdk.services.secretsmanager.model.SecretsManagerException: The security token included in the request is invalid. (Service: SecretsManager, Status Code: 400, Request ID: 68abc27a-d6be-472a-ad54-42c554ffd8c0)
	at software.amazon.awssdk.core.internal.http.CombinedResponseHandler.handleErrorResponse(CombinedResponseHandler.java:125)
	at software.amazon.awssdk.core.internal.http.CombinedResponseHandler.handleResponse(CombinedResponseHandler.java:82)
	at software.amazon.awssdk.core.internal.http.CombinedResponseHandler.handle(CombinedResponseHandler.java:60)
	at software.amazon.awssdk.core.internal.http.CombinedResponseHandler.handle(CombinedResponseHandler.java:41)
	at software.amazon.awssdk.core.internal.http.pipeline.stages.HandleResponseStage.execute(HandleResponseStage.java:50)
	at software.amazon.awssdk.core.internal.http.pipeline.stages.HandleResponseStage.execute(HandleResponseStage.java:38)
	at software.amazon.awssdk.core.internal.http.pipeline.RequestPipelineBuilder$ComposingRequestPipelineStage.execute(RequestPipelineBuilder.java:206)
	at software.amazon.awssdk.core.internal.http.pipeline.stages.ApiCallAttemptTimeoutTrackingStage.execute(ApiCallAttemptTimeoutTrackingStage.java:74)
	at software.amazon.awssdk.core.internal.http.pipeline.stages.ApiCallAttemptTimeoutTrackingStage.execute(ApiCallAttemptTimeoutTrackingStage.java:43)
	at software.amazon.awssdk.core.internal.http.pipeline.stages.TimeoutExceptionHandlingStage.execute(TimeoutExceptionHandlingStage.java:79)
	at software.amazon.awssdk.core.internal.http.pipeline.stages.TimeoutExceptionHandlingStage.execute(TimeoutExceptionHandlingStage.java:41)
	at software.amazon.awssdk.core.internal.http.pipeline.stages.ApiCallAttemptMetricCollectionStage.execute(ApiCallAttemptMetricCollectionStage.java:55)
	at software.amazon.awssdk.core.internal.http.pipeline.stages.ApiCallAttemptMetricCollectionStage.execute(ApiCallAttemptMetricCollectionStage.java:39)
	at software.amazon.awssdk.core.internal.http.pipeline.stages.RetryableStage2.executeRequest(RetryableStage2.java:93)
	at software.amazon.awssdk.core.internal.http.pipeline.stages.RetryableStage2.execute(RetryableStage2.java:56)
	at software.amazon.awssdk.core.internal.http.pipeline.stages.RetryableStage2.execute(RetryableStage2.java:36)
	at software.amazon.awssdk.core.internal.http.pipeline.RequestPipelineBuilder$ComposingRequestPipelineStage.execute(RequestPipelineBuilder.java:206)
	at software.amazon.awssdk.core.internal.http.StreamManagingStage.execute(StreamManagingStage.java:53)
	at software.amazon.awssdk.core.internal.http.StreamManagingStage.execute(StreamManagingStage.java:35)
	at software.amazon.awssdk.core.internal.http.pipeline.stages.ApiCallTimeoutTrackingStage.executeWithTimer(ApiCallTimeoutTrackingStage.java:82)
	at software.amazon.awssdk.core.internal.http.pipeline.stages.ApiCallTimeoutTrackingStage.execute(ApiCallTimeoutTrackingStage.java:62)
	at software.amazon.awssdk.core.internal.http.pipeline.stages.ApiCallTimeoutTrackingStage.execute(ApiCallTimeoutTrackingStage.java:43)
	at software.amazon.awssdk.core.internal.http.pipeline.stages.ApiCallMetricCollectionStage.execute(ApiCallMetricCollectionStage.java:50)
	at software.amazon.awssdk.core.internal.http.pipeline.stages.ApiCallMetricCollectionStage.execute(ApiCallMetricCollectionStage.java:32)
	at software.amazon.awssdk.core.internal.http.pipeline.RequestPipelineBuilder$ComposingRequestPipelineStage.execute(RequestPipelineBuilder.java:206)
	at software.amazon.awssdk.core.internal.http.pipeline.RequestPipelineBuilder$ComposingRequestPipelineStage.execute(RequestPipelineBuilder.java:206)
	at software.amazon.awssdk.core.internal.http.pipeline.stages.ExecutionFailureExceptionReportingStage.execute(ExecutionFailureExceptionReportingStage.java:37)
	at software.amazon.awssdk.core.internal.http.pipeline.stages.ExecutionFailureExceptionReportingStage.execute(ExecutionFailureExceptionReportingStage.java:26)
	at software.amazon.awssdk.core.internal.http.AmazonSyncHttpClient$RequestExecutionBuilderImpl.execute(AmazonSyncHttpClient.java:210)
	at software.amazon.awssdk.core.internal.handler.BaseSyncClientHandler.invoke(BaseSyncClientHandler.java:103)
	at software.amazon.awssdk.core.internal.handler.BaseSyncClientHandler.doExecute(BaseSyncClientHandler.java:173)
	at software.amazon.awssdk.core.internal.handler.BaseSyncClientHandler.lambda$execute$1(BaseSyncClientHandler.java:80)
	at software.amazon.awssdk.core.internal.handler.BaseSyncClientHandler.measureApiCallSuccess(BaseSyncClientHandler.java:182)
	at software.amazon.awssdk.core.internal.handler.BaseSyncClientHandler.execute(BaseSyncClientHandler.java:74)
	at software.amazon.awssdk.core.client.handler.SdkSyncClientHandler.execute(SdkSyncClientHandler.java:45)
	at software.amazon.awssdk.awscore.client.handler.AwsSyncClientHandler.execute(AwsSyncClientHandler.java:53)
	at software.amazon.awssdk.services.secretsmanager.DefaultSecretsManagerClient.getSecretValue(DefaultSecretsManagerClient.java:1129)
	at com.synergisticit.filetransfer.config.SecretsManagerConfig.secrets(SecretsManagerConfig.java:39)
	... 64 common frames omitted
2026-09-03 09:16:19,857 [restartedMain] INFO  c.s.f.FiletransferApplication - Starting FiletransferApplication using Java 17.0.9 with PID 6127 (/Users/aileen/MyProjects/Interview Practice/Projects/filetransfer/target/classes started by aileen in /Users/aileen/MyProjects/Interview Practice/Projects/filetransfer)
2026-09-03 09:16:19,858 [restartedMain] INFO  c.s.f.FiletransferApplication - The following 1 profile is active: "dev"
2026-09-03 09:16:19,875 [restartedMain] INFO  o.s.b.d.e.DevToolsPropertyDefaultsPostProcessor - Devtools property defaults active! Set 'spring.devtools.add-properties' to 'false' to disable
2026-09-03 09:16:19,876 [restartedMain] INFO  o.s.b.d.e.DevToolsPropertyDefaultsPostProcessor - For additional web related logging consider setting the 'logging.level.web' property to 'DEBUG'
2026-09-03 09:16:20,139 [restartedMain] INFO  o.s.d.r.c.RepositoryConfigurationDelegate - Bootstrapping Spring Data JPA repositories in DEFAULT mode.
2026-09-03 09:16:20,148 [restartedMain] INFO  o.s.d.r.c.RepositoryConfigurationDelegate - Finished Spring Data repository scanning in 5 ms. Found 0 JPA repository interfaces.
2026-09-03 09:16:20,631 [restartedMain] INFO  c.s.f.config.SecretsManagerConfig - Fetching secrets from AWS Secrets Manager [secretId=s3-to-azure/credentials]
2026-09-03 09:16:21,139 [restartedMain] INFO  c.s.f.config.SecretsManagerConfig - Successfully loaded 9 secret keys from AWS Secrets Manager
2026-09-03 09:16:21,176 [restartedMain] INFO  o.h.jpa.internal.util.LogHelper - HHH000204: Processing PersistenceUnitInfo [name: default]
2026-09-03 09:16:21,203 [restartedMain] INFO  org.hibernate.Version - HHH000412: Hibernate ORM core version 6.5.3.Final
2026-09-03 09:16:21,218 [restartedMain] INFO  o.h.c.i.RegionFactoryInitiator - HHH000026: Second-level cache disabled
2026-09-03 09:16:21,331 [restartedMain] INFO  o.s.o.j.p.SpringPersistenceUnitInfo - No LoadTimeWeaver setup: ignoring JPA class transformer
2026-09-03 09:16:21,343 [restartedMain] INFO  com.zaxxer.hikari.HikariDataSource - HikariPool-1 - Starting...
2026-09-03 09:16:21,482 [restartedMain] INFO  com.zaxxer.hikari.pool.HikariPool - HikariPool-1 - Added connection com.mysql.cj.jdbc.ConnectionImpl@49750eec
2026-09-03 09:16:21,482 [restartedMain] INFO  com.zaxxer.hikari.HikariDataSource - HikariPool-1 - Start completed.
2026-09-03 09:16:21,703 [restartedMain] INFO  o.h.e.t.j.p.i.JtaPlatformInitiator - HHH000489: No JTA platform available (set 'hibernate.transaction.jta.platform' to enable JTA platform integration)
2026-09-03 09:16:21,705 [restartedMain] INFO  o.s.o.j.LocalContainerEntityManagerFactoryBean - Initialized JPA EntityManagerFactory for persistence unit 'default'
2026-09-03 09:16:22,192 [restartedMain] INFO  c.a.c.h.n.i.NettyUtility - {"az.sdk.message":"The following Netty versions were found on the classpath and have a mismatch with the versions used by azure-core-http-netty. If your application runs without issue this message can be ignored, otherwise please align the Netty versions used in your application. For more information, see https://aka.ms/azsdk/java/dependency/troubleshoot.","azure-netty-version":"4.1.110.Final","azure-netty-native-version":"2.0.65.Final","classpath-netty-version-io.netty:netty-common":"4.1.113.Final","classpath-netty-version-io.netty:netty-handler":"4.1.113.Final","classpath-netty-version-io.netty:netty-handler-proxy":"4.1.113.Final","classpath-netty-version-io.netty:netty-buffer":"4.1.113.Final","classpath-netty-version-io.netty:netty-codec":"4.1.113.Final","classpath-netty-version-io.netty:netty-codec-http":"4.1.113.Final","classpath-netty-version-io.netty:netty-codec-http2":"4.1.113.Final","classpath-netty-version-io.netty:netty-transport-native-unix-common":"4.1.113.Final","classpath-netty-version-io.netty:netty-transport-native-epoll":"4.1.113.Final","classpath-netty-version-io.netty:netty-transport-native-kqueue":"4.1.113.Final","classpath-native-netty-version-io.netty:netty-tcnative-boringssl-static":"2.0.66.Final"}
2026-09-03 09:16:22,262 [restartedMain] INFO  c.s.f.config.TransferConfig - Configuring TransferService with source: [s3Service], destination: [azureBlobService]
2026-09-03 09:16:22,263 [restartedMain] INFO  c.s.f.config.TransferConfig - Selected source: [s3Service] (identifier: aileen-bucket), destination: [azureBlobService] (identifier: s3-azure-connector)
2026-09-03 09:16:22,389 [restartedMain] INFO  o.s.b.d.a.OptionalLiveReloadServer - LiveReload server is running on port 35729
2026-09-03 09:16:22,432 [restartedMain] INFO  o.s.b.w.e.netty.NettyWebServer - Netty started on port 8586 (http)
2026-09-03 09:16:22,437 [restartedMain] INFO  c.s.f.FiletransferApplication - Started FiletransferApplication in 2.714 seconds (process running for 2.968)
2026-09-03 09:16:22,438 [restartedMain] INFO  c.s.f.FiletransferApplication - ========== AWS SECRETS MANAGER CONNECTION TEST ==========
2026-09-03 09:16:22,438 [restartedMain] INFO  c.s.f.FiletransferApplication - Connection SUCCESSFUL! Loaded 9 secret keys.
2026-09-03 09:16:22,438 [restartedMain] INFO  c.s.f.FiletransferApplication -   Loaded key: aws_access_key_id
2026-09-03 09:16:22,438 [restartedMain] INFO  c.s.f.FiletransferApplication -   Loaded key: aws_secret_access_key
2026-09-03 09:16:22,438 [restartedMain] INFO  c.s.f.FiletransferApplication -   Loaded key: s3_bucket_name
2026-09-03 09:16:22,438 [restartedMain] INFO  c.s.f.FiletransferApplication -   Loaded key: s3_region
2026-09-03 09:16:22,438 [restartedMain] INFO  c.s.f.FiletransferApplication -   Loaded key: azure_storage_account_name
2026-09-03 09:16:22,438 [restartedMain] INFO  c.s.f.FiletransferApplication -   Loaded key: azure_storage_account_key
2026-09-03 09:16:22,438 [restartedMain] INFO  c.s.f.FiletransferApplication -   Loaded key: azure_container_name
2026-09-03 09:16:22,438 [restartedMain] INFO  c.s.f.FiletransferApplication -   Loaded key: mysql_username
2026-09-03 09:16:22,438 [restartedMain] INFO  c.s.f.FiletransferApplication -   Loaded key: mysql_password
2026-09-03 09:16:22,438 [restartedMain] INFO  c.s.f.FiletransferApplication - =========================================================
2026-09-03 09:23:34,319 [reactor-http-nio-2] INFO  c.s.f.controler.TransferController - Received request to trigger file transfer. prefix=[null], extension=[null], overwrite=[false]
2026-09-03 09:23:34,329 [reactor-http-nio-2] INFO  c.s.filetransfer.service.S3Service - Listing objects reactively from S3 bucket [aileen-bucket] with prefix [null] and extension [null]
2026-09-03 09:23:36,801 [reactor-http-nio-3] INFO  c.s.f.service.TransferService - Transferring [sample.txt] (size: 18 bytes, type: text/plain)
2026-09-03 09:23:37,114 [reactor-http-nio-3] INFO  c.s.f.service.AzureBlobService - Successfully uploaded [sample.txt] to Azure Blob Storage
2026-09-03 09:23:37,114 [reactor-http-nio-3] INFO  c.s.filetransfer.service.S3Service - Deleting object [sample.txt] from S3 bucket [aileen-bucket]
2026-09-03 09:23:37,234 [sdk-async-response-2-3] INFO  c.s.f.service.TransferService - Migration job finished: discovered=1, transferred=1, skipped=0, failed=0, duration=2905ms
2026-09-03 09:47:09,224 [HikariPool-1 housekeeper] WARN  com.zaxxer.hikari.pool.HikariPool - HikariPool-1 - Thread starvation or clock leap detected (housekeeper delta=9m16s886ms).
2026-09-03 10:02:16,289 [reactor-http-nio-4] INFO  c.s.f.controler.TransferController - Received request to trigger file transfer. prefix=[null], extension=[.pdf], overwrite=[false]
2026-09-03 10:02:16,292 [reactor-http-nio-4] INFO  c.s.filetransfer.service.S3Service - Listing objects reactively from S3 bucket [aileen-bucket] with prefix [null] and extension [.pdf]
2026-09-03 10:02:18,197 [reactor-http-nio-5] INFO  c.s.f.service.TransferService - Transferring [testPDF1.pdf] (size: 12 bytes, type: text/plain)
2026-09-03 10:02:18,718 [reactor-http-nio-5] INFO  c.s.f.service.AzureBlobService - Successfully uploaded [testPDF1.pdf] to Azure Blob Storage
2026-09-03 10:02:18,718 [reactor-http-nio-5] INFO  c.s.filetransfer.service.S3Service - Deleting object [testPDF1.pdf] from S3 bucket [aileen-bucket]
2026-09-03 10:02:19,114 [sdk-async-response-2-7] INFO  c.s.f.service.TransferService - Migration job finished: discovered=1, transferred=1, skipped=0, failed=0, duration=2822ms
2026-09-03 10:15:18,265 [HikariPool-1 housekeeper] WARN  com.zaxxer.hikari.pool.HikariPool - HikariPool-1 - Thread starvation or clock leap detected (housekeeper delta=4m59s638ms).
2026-09-03 10:39:31,019 [HikariPool-1 housekeeper] WARN  com.zaxxer.hikari.pool.HikariPool - HikariPool-1 - Thread starvation or clock leap detected (housekeeper delta=2m33s688ms).
2026-09-03 10:41:17,052 [HikariPool-1 housekeeper] WARN  com.zaxxer.hikari.pool.HikariPool - HikariPool-1 - Thread starvation or clock leap detected (housekeeper delta=1m46s39ms).
2026-09-03 11:16:35,494 [File Watcher] INFO  o.s.b.d.a.LocalDevToolsAutoConfiguration$RestartingClassPathChangeChangedEventListener - Restarting due to 1 class path change (0 additions, 0 deletions, 1 modification)
2026-09-03 11:16:37,717 [Thread-5] INFO  o.s.o.j.LocalContainerEntityManagerFactoryBean - Closing JPA EntityManagerFactory for persistence unit 'default'
2026-09-03 11:16:37,760 [Thread-5] INFO  com.zaxxer.hikari.HikariDataSource - HikariPool-1 - Shutdown initiated...
2026-09-03 11:16:37,769 [Thread-5] INFO  com.zaxxer.hikari.HikariDataSource - HikariPool-1 - Shutdown completed.
2026-09-03 11:16:38,098 [restartedMain] INFO  c.s.f.FiletransferApplication - Starting FiletransferApplication using Java 17.0.9 with PID 6127 (/Users/aileen/MyProjects/Interview Practice/Projects/filetransfer/target/classes started by aileen in /Users/aileen/MyProjects/Interview Practice/Projects/filetransfer)
2026-09-03 11:16:38,098 [restartedMain] INFO  c.s.f.FiletransferApplication - The following 1 profile is active: "dev"
2026-09-03 11:16:38,194 [restartedMain] INFO  o.s.d.r.c.RepositoryConfigurationDelegate - Bootstrapping Spring Data JPA repositories in DEFAULT mode.
2026-09-03 11:16:38,197 [restartedMain] INFO  o.s.d.r.c.RepositoryConfigurationDelegate - Finished Spring Data repository scanning in 2 ms. Found 0 JPA repository interfaces.
2026-09-03 11:16:38,477 [restartedMain] INFO  c.s.f.config.SecretsManagerConfig - Fetching secrets from AWS Secrets Manager [secretId=s3-to-azure/credentials]
2026-09-03 11:16:38,829 [restartedMain] INFO  c.s.f.config.SecretsManagerConfig - Successfully loaded 9 secret keys from AWS Secrets Manager
2026-09-03 11:16:38,849 [restartedMain] INFO  o.h.jpa.internal.util.LogHelper - HHH000204: Processing PersistenceUnitInfo [name: default]
2026-09-03 11:16:38,852 [restartedMain] INFO  o.h.c.i.RegionFactoryInitiator - HHH000026: Second-level cache disabled
2026-09-03 11:16:38,862 [restartedMain] INFO  o.s.o.j.p.SpringPersistenceUnitInfo - No LoadTimeWeaver setup: ignoring JPA class transformer
2026-09-03 11:16:38,863 [restartedMain] INFO  com.zaxxer.hikari.HikariDataSource - HikariPool-2 - Starting...
2026-09-03 11:16:38,892 [restartedMain] INFO  com.zaxxer.hikari.pool.HikariPool - HikariPool-2 - Added connection com.mysql.cj.jdbc.ConnectionImpl@74f9264d
2026-09-03 11:16:38,892 [restartedMain] INFO  com.zaxxer.hikari.HikariDataSource - HikariPool-2 - Start completed.
2026-09-03 11:16:38,918 [restartedMain] INFO  o.h.e.t.j.p.i.JtaPlatformInitiator - HHH000489: No JTA platform available (set 'hibernate.transaction.jta.platform' to enable JTA platform integration)
2026-09-03 11:16:38,919 [restartedMain] INFO  o.s.o.j.LocalContainerEntityManagerFactoryBean - Initialized JPA EntityManagerFactory for persistence unit 'default'
2026-09-03 11:16:38,950 [restartedMain] INFO  c.s.f.config.TransferConfig - Configuring TransferService with source: [s3Service], destination: [azureBlobService]
2026-09-03 11:16:38,950 [restartedMain] INFO  c.s.f.config.TransferConfig - Selected source: [s3Service] (identifier: aileen-bucket), destination: [azureBlobService] (identifier: s3-azure-connector)
2026-09-03 11:16:38,952 [restartedMain] WARN  o.s.b.w.r.c.AnnotationConfigReactiveWebServerApplicationContext - Exception encountered during context initialization - cancelling refresh attempt: org.springframework.beans.factory.BeanCreationException: Error creating bean with name 'transferController' defined in file [/Users/aileen/MyProjects/Interview Practice/Projects/filetransfer/target/classes/com/synergisticit/filetransfer/controler/TransferController.class]: Failed to instantiate [com.synergisticit.filetransfer.controler.TransferController]: Constructor threw exception
2026-09-03 11:16:41,020 [restartedMain] INFO  o.s.o.j.LocalContainerEntityManagerFactoryBean - Closing JPA EntityManagerFactory for persistence unit 'default'
2026-09-03 11:16:41,021 [restartedMain] INFO  com.zaxxer.hikari.HikariDataSource - HikariPool-2 - Shutdown initiated...
2026-09-03 11:16:41,022 [restartedMain] INFO  com.zaxxer.hikari.HikariDataSource - HikariPool-2 - Shutdown completed.
2026-09-03 11:16:41,039 [restartedMain] INFO  o.s.b.a.l.ConditionEvaluationReportLogger - 

Error starting ApplicationContext. To display the condition evaluation report re-run your application with 'debug' enabled.
2026-09-03 11:16:41,077 [restartedMain] ERROR o.s.boot.SpringApplication - Application run failed
org.springframework.beans.factory.BeanCreationException: Error creating bean with name 'transferController' defined in file [/Users/aileen/MyProjects/Interview Practice/Projects/filetransfer/target/classes/com/synergisticit/filetransfer/controler/TransferController.class]: Failed to instantiate [com.synergisticit.filetransfer.controler.TransferController]: Constructor threw exception
	at org.springframework.beans.factory.support.ConstructorResolver.instantiate(ConstructorResolver.java:318)
	at org.springframework.beans.factory.support.ConstructorResolver.autowireConstructor(ConstructorResolver.java:306)
	at org.springframework.beans.factory.support.AbstractAutowireCapableBeanFactory.autowireConstructor(AbstractAutowireCapableBeanFactory.java:1375)
	at org.springframework.beans.factory.support.AbstractAutowireCapableBeanFactory.createBeanInstance(AbstractAutowireCapableBeanFactory.java:1212)
	at org.springframework.beans.factory.support.AbstractAutowireCapableBeanFactory.doCreateBean(AbstractAutowireCapableBeanFactory.java:562)
	at org.springframework.beans.factory.support.AbstractAutowireCapableBeanFactory.createBean(AbstractAutowireCapableBeanFactory.java:522)
	at org.springframework.beans.factory.support.AbstractBeanFactory.lambda$doGetBean$0(AbstractBeanFactory.java:337)
	at org.springframework.beans.factory.support.DefaultSingletonBeanRegistry.getSingleton(DefaultSingletonBeanRegistry.java:234)
	at org.springframework.beans.factory.support.AbstractBeanFactory.doGetBean(AbstractBeanFactory.java:335)
	at org.springframework.beans.factory.support.AbstractBeanFactory.getBean(AbstractBeanFactory.java:200)
	at org.springframework.beans.factory.support.DefaultListableBeanFactory.preInstantiateSingletons(DefaultListableBeanFactory.java:975)
	at org.springframework.context.support.AbstractApplicationContext.finishBeanFactoryInitialization(AbstractApplicationContext.java:971)
	at org.springframework.context.support.AbstractApplicationContext.refresh(AbstractApplicationContext.java:625)
	at org.springframework.boot.web.reactive.context.ReactiveWebServerApplicationContext.refresh(ReactiveWebServerApplicationContext.java:66)
	at org.springframework.boot.SpringApplication.refresh(SpringApplication.java:754)
	at org.springframework.boot.SpringApplication.refreshContext(SpringApplication.java:456)
	at org.springframework.boot.SpringApplication.run(SpringApplication.java:335)
	at org.springframework.boot.SpringApplication.run(SpringApplication.java:1363)
	at org.springframework.boot.SpringApplication.run(SpringApplication.java:1352)
	at com.synergisticit.filetransfer.FiletransferApplication.main(FiletransferApplication.java:16)
	at java.base/jdk.internal.reflect.NativeMethodAccessorImpl.invoke0(Native Method)
	at java.base/jdk.internal.reflect.NativeMethodAccessorImpl.invoke(NativeMethodAccessorImpl.java:77)
	at java.base/jdk.internal.reflect.DelegatingMethodAccessorImpl.invoke(DelegatingMethodAccessorImpl.java:43)
	at java.base/java.lang.reflect.Method.invoke(Method.java:568)
	at org.springframework.boot.devtools.restart.RestartLauncher.run(RestartLauncher.java:50)
Caused by: org.springframework.beans.BeanInstantiationException: Failed to instantiate [com.synergisticit.filetransfer.controler.TransferController]: Constructor threw exception
	at org.springframework.beans.BeanUtils.instantiateClass(BeanUtils.java:221)
	at org.springframework.beans.factory.support.SimpleInstantiationStrategy.instantiate(SimpleInstantiationStrategy.java:117)
	at org.springframework.beans.factory.support.ConstructorResolver.instantiate(ConstructorResolver.java:315)
	... 24 common frames omitted
Caused by: java.lang.Error: Unresolved compilation problems: 
	Type mismatch: cannot convert from Mono<TransferSummary> to Mono<ResponseEntity<TransferSummary>>
	Syntax error, insert ";" to complete ReturnStatement
	HttpStatus cannot be resolved to a variable
	HttpStatus cannot be resolved to a variable

	at com.synergisticit.filetransfer.controler.TransferController.<init>(TransferController.java:39)
	at java.base/jdk.internal.reflect.NativeConstructorAccessorImpl.newInstance0(Native Method)
	at java.base/jdk.internal.reflect.NativeConstructorAccessorImpl.newInstance(NativeConstructorAccessorImpl.java:77)
	at java.base/jdk.internal.reflect.DelegatingConstructorAccessorImpl.newInstance(DelegatingConstructorAccessorImpl.java:45)
	at java.base/java.lang.reflect.Constructor.newInstanceWithCaller(Constructor.java:499)
	at java.base/java.lang.reflect.Constructor.newInstance(Constructor.java:480)
	at org.springframework.beans.BeanUtils.instantiateClass(BeanUtils.java:208)
	... 26 common frames omitted
2026-09-03 11:17:16,034 [restartedMain] INFO  c.s.f.FiletransferApplication - Starting FiletransferApplication using Java 17.0.9 with PID 6127 (/Users/aileen/MyProjects/Interview Practice/Projects/filetransfer/target/classes started by aileen in /Users/aileen/MyProjects/Interview Practice/Projects/filetransfer)
2026-09-03 11:17:16,035 [restartedMain] INFO  c.s.f.FiletransferApplication - The following 1 profile is active: "dev"
2026-09-03 11:17:16,128 [restartedMain] INFO  o.s.d.r.c.RepositoryConfigurationDelegate - Bootstrapping Spring Data JPA repositories in DEFAULT mode.
2026-09-03 11:17:16,130 [restartedMain] INFO  o.s.d.r.c.RepositoryConfigurationDelegate - Finished Spring Data repository scanning in 1 ms. Found 0 JPA repository interfaces.
2026-09-03 11:17:16,179 [restartedMain] INFO  c.s.f.config.SecretsManagerConfig - Fetching secrets from AWS Secrets Manager [secretId=s3-to-azure/credentials]
2026-09-03 11:17:16,499 [restartedMain] INFO  c.s.f.config.SecretsManagerConfig - Successfully loaded 9 secret keys from AWS Secrets Manager
2026-09-03 11:17:16,513 [restartedMain] INFO  o.h.jpa.internal.util.LogHelper - HHH000204: Processing PersistenceUnitInfo [name: default]
2026-09-03 11:17:16,518 [restartedMain] INFO  o.h.c.i.RegionFactoryInitiator - HHH000026: Second-level cache disabled
2026-09-03 11:17:16,525 [restartedMain] INFO  o.s.o.j.p.SpringPersistenceUnitInfo - No LoadTimeWeaver setup: ignoring JPA class transformer
2026-09-03 11:17:16,526 [restartedMain] INFO  com.zaxxer.hikari.HikariDataSource - HikariPool-3 - Starting...
2026-09-03 11:17:16,556 [restartedMain] INFO  com.zaxxer.hikari.pool.HikariPool - HikariPool-3 - Added connection com.mysql.cj.jdbc.ConnectionImpl@787654ae
2026-09-03 11:17:16,556 [restartedMain] INFO  com.zaxxer.hikari.HikariDataSource - HikariPool-3 - Start completed.
2026-09-03 11:17:16,568 [restartedMain] INFO  o.h.e.t.j.p.i.JtaPlatformInitiator - HHH000489: No JTA platform available (set 'hibernate.transaction.jta.platform' to enable JTA platform integration)
2026-09-03 11:17:16,569 [restartedMain] INFO  o.s.o.j.LocalContainerEntityManagerFactoryBean - Initialized JPA EntityManagerFactory for persistence unit 'default'
2026-09-03 11:17:16,580 [restartedMain] INFO  c.s.f.config.TransferConfig - Configuring TransferService with source: [s3Service], destination: [azureBlobService]
2026-09-03 11:17:16,581 [restartedMain] INFO  c.s.f.config.TransferConfig - Selected source: [s3Service] (identifier: aileen-bucket), destination: [azureBlobService] (identifier: s3-azure-connector)
2026-09-03 11:17:16,631 [restartedMain] INFO  o.s.b.d.a.OptionalLiveReloadServer - LiveReload server is running on port 35729
2026-09-03 11:17:16,640 [restartedMain] INFO  o.s.b.w.e.netty.NettyWebServer - Netty started on port 8586 (http)
2026-09-03 11:17:16,642 [restartedMain] INFO  c.s.f.FiletransferApplication - Started FiletransferApplication in 0.645 seconds (process running for 6242.482)
2026-09-03 11:17:16,643 [restartedMain] INFO  c.s.f.FiletransferApplication - ========== AWS SECRETS MANAGER CONNECTION TEST ==========
2026-09-03 11:17:16,643 [restartedMain] INFO  c.s.f.FiletransferApplication - Connection SUCCESSFUL! Loaded 9 secret keys.
2026-09-03 11:17:16,643 [restartedMain] INFO  c.s.f.FiletransferApplication -   Loaded key: aws_access_key_id
2026-09-03 11:17:16,643 [restartedMain] INFO  c.s.f.FiletransferApplication -   Loaded key: aws_secret_access_key
2026-09-03 11:17:16,643 [restartedMain] INFO  c.s.f.FiletransferApplication -   Loaded key: s3_bucket_name
2026-09-03 11:17:16,643 [restartedMain] INFO  c.s.f.FiletransferApplication -   Loaded key: s3_region
2026-09-03 11:17:16,644 [restartedMain] INFO  c.s.f.FiletransferApplication -   Loaded key: azure_storage_account_name
2026-09-03 11:17:16,644 [restartedMain] INFO  c.s.f.FiletransferApplication -   Loaded key: azure_storage_account_key
2026-09-03 11:17:16,644 [restartedMain] INFO  c.s.f.FiletransferApplication -   Loaded key: azure_container_name
2026-09-03 11:17:16,644 [restartedMain] INFO  c.s.f.FiletransferApplication -   Loaded key: mysql_username
2026-09-03 11:17:16,644 [restartedMain] INFO  c.s.f.FiletransferApplication -   Loaded key: mysql_password
2026-09-03 11:17:16,644 [restartedMain] INFO  c.s.f.FiletransferApplication - =========================================================
2026-09-03 11:17:16,645 [restartedMain] INFO  o.s.b.d.a.ConditionEvaluationDeltaLoggingListener - Condition evaluation unchanged
2026-09-03 11:23:18,022 [File Watcher] INFO  o.s.b.d.a.LocalDevToolsAutoConfiguration$RestartingClassPathChangeChangedEventListener - Restarting due to 1 class path change (0 additions, 0 deletions, 1 modification)
2026-09-03 11:23:20,139 [Thread-19] INFO  o.s.o.j.LocalContainerEntityManagerFactoryBean - Closing JPA EntityManagerFactory for persistence unit 'default'
2026-09-03 11:23:20,148 [Thread-19] INFO  com.zaxxer.hikari.HikariDataSource - HikariPool-3 - Shutdown initiated...
2026-09-03 11:23:20,156 [Thread-19] INFO  com.zaxxer.hikari.HikariDataSource - HikariPool-3 - Shutdown completed.
2026-09-03 11:23:20,307 [restartedMain] INFO  c.s.f.FiletransferApplication - Starting FiletransferApplication using Java 17.0.9 with PID 6127 (/Users/aileen/MyProjects/Interview Practice/Projects/filetransfer/target/classes started by aileen in /Users/aileen/MyProjects/Interview Practice/Projects/filetransfer)
2026-09-03 11:23:20,307 [restartedMain] INFO  c.s.f.FiletransferApplication - The following 1 profile is active: "dev"
2026-09-03 11:23:20,490 [restartedMain] INFO  o.s.d.r.c.RepositoryConfigurationDelegate - Bootstrapping Spring Data JPA repositories in DEFAULT mode.
2026-09-03 11:23:20,495 [restartedMain] INFO  o.s.d.r.c.RepositoryConfigurationDelegate - Finished Spring Data repository scanning in 4 ms. Found 0 JPA repository interfaces.
2026-09-03 11:23:20,557 [restartedMain] INFO  c.s.f.config.SecretsManagerConfig - Fetching secrets from AWS Secrets Manager [secretId=s3-to-azure/credentials]
2026-09-03 11:23:20,899 [restartedMain] INFO  c.s.f.config.SecretsManagerConfig - Successfully loaded 9 secret keys from AWS Secrets Manager
2026-09-03 11:23:20,911 [restartedMain] INFO  o.h.jpa.internal.util.LogHelper - HHH000204: Processing PersistenceUnitInfo [name: default]
2026-09-03 11:23:20,915 [restartedMain] INFO  o.h.c.i.RegionFactoryInitiator - HHH000026: Second-level cache disabled
2026-09-03 11:23:20,921 [restartedMain] INFO  o.s.o.j.p.SpringPersistenceUnitInfo - No LoadTimeWeaver setup: ignoring JPA class transformer
2026-09-03 11:23:20,922 [restartedMain] INFO  com.zaxxer.hikari.HikariDataSource - HikariPool-4 - Starting...
2026-09-03 11:23:20,949 [restartedMain] INFO  com.zaxxer.hikari.pool.HikariPool - HikariPool-4 - Added connection com.mysql.cj.jdbc.ConnectionImpl@ceed024
2026-09-03 11:23:20,949 [restartedMain] INFO  com.zaxxer.hikari.HikariDataSource - HikariPool-4 - Start completed.
2026-09-03 11:23:20,973 [restartedMain] INFO  o.h.e.t.j.p.i.JtaPlatformInitiator - HHH000489: No JTA platform available (set 'hibernate.transaction.jta.platform' to enable JTA platform integration)
2026-09-03 11:23:20,974 [restartedMain] INFO  o.s.o.j.LocalContainerEntityManagerFactoryBean - Initialized JPA EntityManagerFactory for persistence unit 'default'
2026-09-03 11:23:21,004 [restartedMain] INFO  c.s.f.config.TransferConfig - Configuring TransferService with source: [s3Service], destination: [azureBlobService]
2026-09-03 11:23:21,005 [restartedMain] INFO  c.s.f.config.TransferConfig - Selected source: [s3Service] (identifier: aileen-bucket), destination: [azureBlobService] (identifier: s3-azure-connector)
2026-09-03 11:23:21,064 [restartedMain] INFO  o.s.b.d.a.OptionalLiveReloadServer - LiveReload server is running on port 35729
2026-09-03 11:23:21,073 [restartedMain] INFO  o.s.b.w.e.netty.NettyWebServer - Netty started on port 8586 (http)
2026-09-03 11:23:21,076 [restartedMain] INFO  c.s.f.FiletransferApplication - Started FiletransferApplication in 0.801 seconds (process running for 6606.912)
2026-09-03 11:23:21,076 [restartedMain] INFO  c.s.f.FiletransferApplication - ========== AWS SECRETS MANAGER CONNECTION TEST ==========
2026-09-03 11:23:21,077 [restartedMain] INFO  c.s.f.FiletransferApplication - Connection SUCCESSFUL! Loaded 9 secret keys.
2026-09-03 11:23:21,077 [restartedMain] INFO  c.s.f.FiletransferApplication -   Loaded key: aws_access_key_id
2026-09-03 11:23:21,078 [restartedMain] INFO  c.s.f.FiletransferApplication -   Loaded key: aws_secret_access_key
2026-09-03 11:23:21,078 [restartedMain] INFO  c.s.f.FiletransferApplication -   Loaded key: s3_bucket_name
2026-09-03 11:23:21,078 [restartedMain] INFO  c.s.f.FiletransferApplication -   Loaded key: s3_region
2026-09-03 11:23:21,078 [restartedMain] INFO  c.s.f.FiletransferApplication -   Loaded key: azure_storage_account_name
2026-09-03 11:23:21,078 [restartedMain] INFO  c.s.f.FiletransferApplication -   Loaded key: azure_storage_account_key
2026-09-03 11:23:21,078 [restartedMain] INFO  c.s.f.FiletransferApplication -   Loaded key: azure_container_name
2026-09-03 11:23:21,078 [restartedMain] INFO  c.s.f.FiletransferApplication -   Loaded key: mysql_username
2026-09-03 11:23:21,078 [restartedMain] INFO  c.s.f.FiletransferApplication -   Loaded key: mysql_password
2026-09-03 11:23:21,078 [restartedMain] INFO  c.s.f.FiletransferApplication - =========================================================
2026-09-03 11:23:21,079 [restartedMain] INFO  o.s.b.d.a.ConditionEvaluationDeltaLoggingListener - Condition evaluation unchanged
2026-09-03 11:32:54,428 [HikariPool-4 housekeeper] WARN  com.zaxxer.hikari.pool.HikariPool - HikariPool-4 - Thread starvation or clock leap detected (housekeeper delta=1m3s246ms).
2026-09-03 11:57:17,727 [HikariPool-4 housekeeper] WARN  com.zaxxer.hikari.pool.HikariPool - HikariPool-4 - Thread starvation or clock leap detected (housekeeper delta=2m53s89ms).
2026-09-03 12:25:05,911 [HikariPool-4 housekeeper] WARN  com.zaxxer.hikari.pool.HikariPool - HikariPool-4 - Thread starvation or clock leap detected (housekeeper delta=7m18s30ms).
2026-09-03 12:28:54,194 [HikariPool-4 housekeeper] WARN  com.zaxxer.hikari.pool.HikariPool - HikariPool-4 - Thread starvation or clock leap detected (housekeeper delta=1m18s255ms).
2026-09-03 13:00:27,810 [HikariPool-4 housekeeper] WARN  com.zaxxer.hikari.pool.HikariPool - HikariPool-4 - Thread starvation or clock leap detected (housekeeper delta=27m33s581ms).
2026-09-03 13:10:54,543 [HikariPool-4 housekeeper] WARN  com.zaxxer.hikari.pool.HikariPool - HikariPool-4 - Thread starvation or clock leap detected (housekeeper delta=10m26s732ms).
2026-09-03 13:18:22,100 [HikariPool-4 housekeeper] WARN  com.zaxxer.hikari.pool.HikariPool - HikariPool-4 - Thread starvation or clock leap detected (housekeeper delta=7m27s557ms).
2026-09-03 13:34:23,872 [HikariPool-4 housekeeper] WARN  com.zaxxer.hikari.pool.HikariPool - HikariPool-4 - Thread starvation or clock leap detected (housekeeper delta=15m31s768ms).
2026-09-03 13:47:17,056 [HikariPool-4 housekeeper] WARN  com.zaxxer.hikari.pool.HikariPool - HikariPool-4 - Thread starvation or clock leap detected (housekeeper delta=4m53s105ms).
2026-09-03 14:07:30,207 [HikariPool-4 housekeeper] WARN  com.zaxxer.hikari.pool.HikariPool - HikariPool-4 - Thread starvation or clock leap detected (housekeeper delta=1m35s130ms).
2026-09-03 14:11:22,224 [HikariPool-4 housekeeper] WARN  com.zaxxer.hikari.pool.HikariPool - HikariPool-4 - Thread starvation or clock leap detected (housekeeper delta=3m52s16ms).
2026-09-03 14:28:01,310 [HikariPool-4 housekeeper] WARN  com.zaxxer.hikari.pool.HikariPool - HikariPool-4 - Thread starvation or clock leap detected (housekeeper delta=12m39s42ms).
2026-09-03 14:58:47,018 [HikariPool-4 housekeeper] WARN  com.zaxxer.hikari.pool.HikariPool - HikariPool-4 - Thread starvation or clock leap detected (housekeeper delta=8m15s506ms).
2026-09-03 15:08:09,246 [HikariPool-4 housekeeper] WARN  com.zaxxer.hikari.pool.HikariPool - HikariPool-4 - Thread starvation or clock leap detected (housekeeper delta=8m52s208ms).
2026-09-03 15:20:42,375 [HikariPool-4 housekeeper] WARN  com.zaxxer.hikari.pool.HikariPool - HikariPool-4 - Thread starvation or clock leap detected (housekeeper delta=12m33s130ms).
2026-09-03 15:42:03,354 [File Watcher] INFO  o.s.b.d.a.LocalDevToolsAutoConfiguration$RestartingClassPathChangeChangedEventListener - Restarting due to 24 class path changes (0 additions, 0 deletions, 24 modifications)
2026-09-03 15:42:05,617 [Thread-27] INFO  o.s.o.j.LocalContainerEntityManagerFactoryBean - Closing JPA EntityManagerFactory for persistence unit 'default'
2026-09-03 15:42:05,645 [Thread-27] INFO  com.zaxxer.hikari.HikariDataSource - HikariPool-4 - Shutdown initiated...
2026-09-03 15:42:05,648 [Thread-27] INFO  com.zaxxer.hikari.HikariDataSource - HikariPool-4 - Shutdown completed.
2026-09-03 15:42:06,169 [restartedMain] INFO  c.s.f.FiletransferApplication - Starting FiletransferApplication using Java 17.0.9 with PID 6127 (/Users/aileen/MyProjects/Interview Practice/Projects/filetransfer/target/classes started by aileen in /Users/aileen/MyProjects/Interview Practice/Projects/filetransfer)
2026-09-03 15:42:06,170 [restartedMain] INFO  c.s.f.FiletransferApplication - The following 1 profile is active: "dev"
2026-09-03 15:42:06,359 [restartedMain] INFO  o.s.d.r.c.RepositoryConfigurationDelegate - Bootstrapping Spring Data JPA repositories in DEFAULT mode.
2026-09-03 15:42:06,361 [restartedMain] INFO  o.s.d.r.c.RepositoryConfigurationDelegate - Finished Spring Data repository scanning in 1 ms. Found 0 JPA repository interfaces.
2026-09-03 15:42:06,427 [restartedMain] INFO  c.s.f.config.SecretsManagerConfig - Fetching secrets from AWS Secrets Manager [secretId=s3-to-azure/credentials]
2026-09-03 15:42:06,897 [restartedMain] INFO  c.s.f.config.SecretsManagerConfig - Successfully loaded 9 secret keys from AWS Secrets Manager
2026-09-03 15:42:06,907 [restartedMain] INFO  o.h.jpa.internal.util.LogHelper - HHH000204: Processing PersistenceUnitInfo [name: default]
2026-09-03 15:42:06,910 [restartedMain] INFO  o.h.c.i.RegionFactoryInitiator - HHH000026: Second-level cache disabled
2026-09-03 15:42:06,919 [restartedMain] INFO  o.s.o.j.p.SpringPersistenceUnitInfo - No LoadTimeWeaver setup: ignoring JPA class transformer
2026-09-03 15:42:06,920 [restartedMain] INFO  com.zaxxer.hikari.HikariDataSource - HikariPool-5 - Starting...
2026-09-03 15:42:06,962 [restartedMain] INFO  com.zaxxer.hikari.pool.HikariPool - HikariPool-5 - Added connection com.mysql.cj.jdbc.ConnectionImpl@5ba096db
2026-09-03 15:42:06,963 [restartedMain] INFO  com.zaxxer.hikari.HikariDataSource - HikariPool-5 - Start completed.
2026-09-03 15:42:06,978 [restartedMain] INFO  o.h.e.t.j.p.i.JtaPlatformInitiator - HHH000489: No JTA platform available (set 'hibernate.transaction.jta.platform' to enable JTA platform integration)
2026-09-03 15:42:06,978 [restartedMain] INFO  o.s.o.j.LocalContainerEntityManagerFactoryBean - Initialized JPA EntityManagerFactory for persistence unit 'default'
2026-09-03 15:42:07,036 [restartedMain] INFO  c.s.f.config.TransferConfig - Configuring TransferService with source: [s3Service], destination: [azureBlobService]
2026-09-03 15:42:07,036 [restartedMain] INFO  c.s.f.config.TransferConfig - Selected source: [s3Service] (identifier: aileen-bucket), destination: [azureBlobService] (identifier: s3-azure-connector)
2026-09-03 15:42:07,151 [restartedMain] INFO  o.s.b.d.a.OptionalLiveReloadServer - LiveReload server is running on port 35729
2026-09-03 15:42:07,158 [restartedMain] INFO  o.s.b.w.e.netty.NettyWebServer - Netty started on port 8586 (http)
2026-09-03 15:42:07,161 [restartedMain] INFO  c.s.f.FiletransferApplication - Started FiletransferApplication in 1.071 seconds (process running for 15002.798)
2026-09-03 15:42:07,161 [restartedMain] INFO  c.s.f.FiletransferApplication - ========== AWS SECRETS MANAGER CONNECTION TEST ==========
2026-09-03 15:42:07,161 [restartedMain] INFO  c.s.f.FiletransferApplication - Connection SUCCESSFUL! Loaded 9 secret keys.
2026-09-03 15:42:07,162 [restartedMain] INFO  c.s.f.FiletransferApplication -   Loaded key: aws_access_key_id
2026-09-03 15:42:07,162 [restartedMain] INFO  c.s.f.FiletransferApplication -   Loaded key: aws_secret_access_key
2026-09-03 15:42:07,162 [restartedMain] INFO  c.s.f.FiletransferApplication -   Loaded key: s3_bucket_name
2026-09-03 15:42:07,162 [restartedMain] INFO  c.s.f.FiletransferApplication -   Loaded key: s3_region
2026-09-03 15:42:07,162 [restartedMain] INFO  c.s.f.FiletransferApplication -   Loaded key: azure_storage_account_name
2026-09-03 15:42:07,162 [restartedMain] INFO  c.s.f.FiletransferApplication -   Loaded key: azure_storage_account_key
2026-09-03 15:42:07,162 [restartedMain] INFO  c.s.f.FiletransferApplication -   Loaded key: azure_container_name
2026-09-03 15:42:07,162 [restartedMain] INFO  c.s.f.FiletransferApplication -   Loaded key: mysql_username
2026-09-03 15:42:07,162 [restartedMain] INFO  c.s.f.FiletransferApplication -   Loaded key: mysql_password
2026-09-03 15:42:07,162 [restartedMain] INFO  c.s.f.FiletransferApplication - =========================================================
2026-09-03 15:42:07,163 [restartedMain] INFO  o.s.b.d.a.ConditionEvaluationDeltaLoggingListener - Condition evaluation unchanged
2026-09-03 15:42:41,798 [File Watcher] INFO  o.s.b.d.a.LocalDevToolsAutoConfiguration$RestartingClassPathChangeChangedEventListener - Restarting due to 1 class path change (1 addition, 0 deletions, 0 modifications)
2026-09-03 15:42:43,879 [Thread-43] INFO  o.s.o.j.LocalContainerEntityManagerFactoryBean - Closing JPA EntityManagerFactory for persistence unit 'default'
2026-09-03 15:42:43,881 [Thread-43] INFO  com.zaxxer.hikari.HikariDataSource - HikariPool-5 - Shutdown initiated...
2026-09-03 15:42:43,883 [Thread-43] INFO  com.zaxxer.hikari.HikariDataSource - HikariPool-5 - Shutdown completed.
2026-09-03 15:42:43,972 [restartedMain] INFO  c.s.f.FiletransferApplication - Starting FiletransferApplication using Java 17.0.9 with PID 6127 (/Users/aileen/MyProjects/Interview Practice/Projects/filetransfer/target/classes started by aileen in /Users/aileen/MyProjects/Interview Practice/Projects/filetransfer)
2026-09-03 15:42:43,972 [restartedMain] INFO  c.s.f.FiletransferApplication - The following 1 profile is active: "dev"
2026-09-03 15:42:44,028 [restartedMain] INFO  o.s.d.r.c.RepositoryConfigurationDelegate - Bootstrapping Spring Data JPA repositories in DEFAULT mode.
2026-09-03 15:42:44,030 [restartedMain] INFO  o.s.d.r.c.RepositoryConfigurationDelegate - Finished Spring Data repository scanning in 1 ms. Found 0 JPA repository interfaces.
2026-09-03 15:42:44,077 [restartedMain] INFO  c.s.f.config.SecretsManagerConfig - Fetching secrets from AWS Secrets Manager [secretId=s3-to-azure/credentials]
2026-09-03 15:42:44,373 [restartedMain] INFO  c.s.f.config.SecretsManagerConfig - Successfully loaded 9 secret keys from AWS Secrets Manager
2026-09-03 15:42:44,387 [restartedMain] INFO  o.h.jpa.internal.util.LogHelper - HHH000204: Processing PersistenceUnitInfo [name: default]
2026-09-03 15:42:44,390 [restartedMain] INFO  o.h.c.i.RegionFactoryInitiator - HHH000026: Second-level cache disabled
2026-09-03 15:42:44,398 [restartedMain] INFO  o.s.o.j.p.SpringPersistenceUnitInfo - No LoadTimeWeaver setup: ignoring JPA class transformer
2026-09-03 15:42:44,399 [restartedMain] INFO  com.zaxxer.hikari.HikariDataSource - HikariPool-6 - Starting...
2026-09-03 15:42:44,420 [restartedMain] INFO  com.zaxxer.hikari.pool.HikariPool - HikariPool-6 - Added connection com.mysql.cj.jdbc.ConnectionImpl@4bf21760
2026-09-03 15:42:44,420 [restartedMain] INFO  com.zaxxer.hikari.HikariDataSource - HikariPool-6 - Start completed.
2026-09-03 15:42:44,433 [restartedMain] INFO  o.h.e.t.j.p.i.JtaPlatformInitiator - HHH000489: No JTA platform available (set 'hibernate.transaction.jta.platform' to enable JTA platform integration)
2026-09-03 15:42:44,433 [restartedMain] INFO  o.s.o.j.LocalContainerEntityManagerFactoryBean - Initialized JPA EntityManagerFactory for persistence unit 'default'
2026-09-03 15:42:44,446 [restartedMain] INFO  c.s.f.config.TransferConfig - Configuring TransferService with source: [s3Service], destination: [azureBlobService]
2026-09-03 15:42:44,446 [restartedMain] INFO  c.s.f.config.TransferConfig - Selected source: [s3Service] (identifier: aileen-bucket), destination: [azureBlobService] (identifier: s3-azure-connector)
2026-09-03 15:42:44,485 [restartedMain] INFO  o.s.b.d.a.OptionalLiveReloadServer - LiveReload server is running on port 35729
2026-09-03 15:42:44,491 [restartedMain] INFO  o.s.b.w.e.netty.NettyWebServer - Netty started on port 8586 (http)
2026-09-03 15:42:44,493 [restartedMain] INFO  c.s.f.FiletransferApplication - Started FiletransferApplication in 0.534 seconds (process running for 15040.131)
2026-09-03 15:42:44,493 [restartedMain] INFO  c.s.f.FiletransferApplication - ========== AWS SECRETS MANAGER CONNECTION TEST ==========
2026-09-03 15:42:44,493 [restartedMain] INFO  c.s.f.FiletransferApplication - Connection SUCCESSFUL! Loaded 9 secret keys.
2026-09-03 15:42:44,493 [restartedMain] INFO  c.s.f.FiletransferApplication -   Loaded key: aws_access_key_id
2026-09-03 15:42:44,493 [restartedMain] INFO  c.s.f.FiletransferApplication -   Loaded key: aws_secret_access_key
2026-09-03 15:42:44,493 [restartedMain] INFO  c.s.f.FiletransferApplication -   Loaded key: s3_bucket_name
2026-09-03 15:42:44,493 [restartedMain] INFO  c.s.f.FiletransferApplication -   Loaded key: s3_region
2026-09-03 15:42:44,493 [restartedMain] INFO  c.s.f.FiletransferApplication -   Loaded key: azure_storage_account_name
2026-09-03 15:42:44,493 [restartedMain] INFO  c.s.f.FiletransferApplication -   Loaded key: azure_storage_account_key
2026-09-03 15:42:44,493 [restartedMain] INFO  c.s.f.FiletransferApplication -   Loaded key: azure_container_name
2026-09-03 15:42:44,493 [restartedMain] INFO  c.s.f.FiletransferApplication -   Loaded key: mysql_username
2026-09-03 15:42:44,493 [restartedMain] INFO  c.s.f.FiletransferApplication -   Loaded key: mysql_password
2026-09-03 15:42:44,494 [restartedMain] INFO  c.s.f.FiletransferApplication - =========================================================
2026-09-03 15:42:44,494 [restartedMain] INFO  o.s.b.d.a.ConditionEvaluationDeltaLoggingListener - Condition evaluation unchanged
2026-09-03 15:49:43,944 [File Watcher] INFO  o.s.b.d.a.LocalDevToolsAutoConfiguration$RestartingClassPathChangeChangedEventListener - Restarting due to 1 class path change (0 additions, 0 deletions, 1 modification)
2026-09-03 15:49:46,061 [Thread-59] INFO  o.s.o.j.LocalContainerEntityManagerFactoryBean - Closing JPA EntityManagerFactory for persistence unit 'default'
2026-09-03 15:49:46,064 [Thread-59] INFO  com.zaxxer.hikari.HikariDataSource - HikariPool-6 - Shutdown initiated...
2026-09-03 15:49:46,067 [Thread-59] INFO  com.zaxxer.hikari.HikariDataSource - HikariPool-6 - Shutdown completed.
2026-09-03 15:49:46,239 [restartedMain] INFO  c.s.f.FiletransferApplication - Starting FiletransferApplication using Java 17.0.9 with PID 6127 (/Users/aileen/MyProjects/Interview Practice/Projects/filetransfer/target/classes started by aileen in /Users/aileen/MyProjects/Interview Practice/Projects/filetransfer)
2026-09-03 15:49:46,239 [restartedMain] INFO  c.s.f.FiletransferApplication - The following 1 profile is active: "dev"
2026-09-03 15:49:46,320 [restartedMain] INFO  o.s.d.r.c.RepositoryConfigurationDelegate - Bootstrapping Spring Data JPA repositories in DEFAULT mode.
2026-09-03 15:49:46,322 [restartedMain] INFO  o.s.d.r.c.RepositoryConfigurationDelegate - Finished Spring Data repository scanning in 1 ms. Found 0 JPA repository interfaces.
2026-09-03 15:49:46,362 [restartedMain] INFO  c.s.f.config.SecretsManagerConfig - Fetching secrets from AWS Secrets Manager [secretId=s3-to-azure/credentials]
2026-09-03 15:49:47,273 [restartedMain] INFO  c.s.f.config.SecretsManagerConfig - Successfully loaded 9 secret keys from AWS Secrets Manager
2026-09-03 15:49:47,282 [restartedMain] INFO  o.h.jpa.internal.util.LogHelper - HHH000204: Processing PersistenceUnitInfo [name: default]
2026-09-03 15:49:47,285 [restartedMain] INFO  o.h.c.i.RegionFactoryInitiator - HHH000026: Second-level cache disabled
2026-09-03 15:49:47,291 [restartedMain] INFO  o.s.o.j.p.SpringPersistenceUnitInfo - No LoadTimeWeaver setup: ignoring JPA class transformer
2026-09-03 15:49:47,292 [restartedMain] INFO  com.zaxxer.hikari.HikariDataSource - HikariPool-7 - Starting...
2026-09-03 15:49:47,317 [restartedMain] INFO  com.zaxxer.hikari.pool.HikariPool - HikariPool-7 - Added connection com.mysql.cj.jdbc.ConnectionImpl@51cc1c18
2026-09-03 15:49:47,317 [restartedMain] INFO  com.zaxxer.hikari.HikariDataSource - HikariPool-7 - Start completed.
2026-09-03 15:49:47,328 [restartedMain] INFO  o.h.e.t.j.p.i.JtaPlatformInitiator - HHH000489: No JTA platform available (set 'hibernate.transaction.jta.platform' to enable JTA platform integration)
2026-09-03 15:49:47,328 [restartedMain] INFO  o.s.o.j.LocalContainerEntityManagerFactoryBean - Initialized JPA EntityManagerFactory for persistence unit 'default'
2026-09-03 15:49:47,339 [restartedMain] INFO  c.s.f.config.TransferConfig - Configuring TransferService with source: [s3Service], destination: [azureBlobService]
2026-09-03 15:49:47,339 [restartedMain] INFO  c.s.f.config.TransferConfig - Selected source: [s3Service] (identifier: aileen-bucket), destination: [azureBlobService] (identifier: s3-azure-connector)
2026-09-03 15:49:47,378 [restartedMain] INFO  o.s.b.d.a.OptionalLiveReloadServer - LiveReload server is running on port 35729
2026-09-03 15:49:47,384 [restartedMain] INFO  o.s.b.w.e.netty.NettyWebServer - Netty started on port 8586 (http)
2026-09-03 15:49:47,386 [restartedMain] INFO  c.s.f.FiletransferApplication - Started FiletransferApplication in 1.169 seconds (process running for 15463.025)
2026-09-03 15:49:47,387 [restartedMain] INFO  c.s.f.FiletransferApplication - ========== AWS SECRETS MANAGER CONNECTION TEST ==========
2026-09-03 15:49:47,387 [restartedMain] INFO  c.s.f.FiletransferApplication - Connection SUCCESSFUL! Loaded 9 secret keys.
2026-09-03 15:49:47,387 [restartedMain] INFO  c.s.f.FiletransferApplication -   Loaded key: aws_access_key_id
2026-09-03 15:49:47,387 [restartedMain] INFO  c.s.f.FiletransferApplication -   Loaded key: aws_secret_access_key
2026-09-03 15:49:47,387 [restartedMain] INFO  c.s.f.FiletransferApplication -   Loaded key: s3_bucket_name
2026-09-03 15:49:47,387 [restartedMain] INFO  c.s.f.FiletransferApplication -   Loaded key: s3_region
2026-09-03 15:49:47,387 [restartedMain] INFO  c.s.f.FiletransferApplication -   Loaded key: azure_storage_account_name
2026-09-03 15:49:47,387 [restartedMain] INFO  c.s.f.FiletransferApplication -   Loaded key: azure_storage_account_key
2026-09-03 15:49:47,387 [restartedMain] INFO  c.s.f.FiletransferApplication -   Loaded key: azure_container_name
2026-09-03 15:49:47,387 [restartedMain] INFO  c.s.f.FiletransferApplication -   Loaded key: mysql_username
2026-09-03 15:49:47,387 [restartedMain] INFO  c.s.f.FiletransferApplication -   Loaded key: mysql_password
2026-09-03 15:49:47,387 [restartedMain] INFO  c.s.f.FiletransferApplication - =========================================================
2026-09-03 15:49:47,387 [restartedMain] INFO  o.s.b.d.a.ConditionEvaluationDeltaLoggingListener - Condition evaluation unchanged
2026-09-03 16:20:06,471 [File Watcher] INFO  o.s.b.d.a.LocalDevToolsAutoConfiguration$RestartingClassPathChangeChangedEventListener - Restarting due to 25 class path changes (0 additions, 1 deletion, 24 modifications)
2026-09-03 16:20:08,615 [Thread-75] INFO  o.s.o.j.LocalContainerEntityManagerFactoryBean - Closing JPA EntityManagerFactory for persistence unit 'default'
2026-09-03 16:20:08,620 [Thread-75] INFO  com.zaxxer.hikari.HikariDataSource - HikariPool-7 - Shutdown initiated...
2026-09-03 16:20:08,622 [Thread-75] INFO  com.zaxxer.hikari.HikariDataSource - HikariPool-7 - Shutdown completed.
2026-09-03 16:20:08,891 [restartedMain] INFO  c.s.f.FiletransferApplication - Starting FiletransferApplication using Java 17.0.9 with PID 6127 (/Users/aileen/MyProjects/Interview Practice/Projects/filetransfer/target/classes started by aileen in /Users/aileen/MyProjects/Interview Practice/Projects/filetransfer)
2026-09-03 16:20:08,891 [restartedMain] INFO  c.s.f.FiletransferApplication - The following 1 profile is active: "dev"
2026-09-03 16:20:08,973 [restartedMain] INFO  o.s.d.r.c.RepositoryConfigurationDelegate - Bootstrapping Spring Data JPA repositories in DEFAULT mode.
2026-09-03 16:20:08,975 [restartedMain] INFO  o.s.d.r.c.RepositoryConfigurationDelegate - Finished Spring Data repository scanning in 1 ms. Found 0 JPA repository interfaces.
2026-09-03 16:20:09,032 [restartedMain] INFO  c.s.f.config.SecretsManagerConfig - Fetching secrets from AWS Secrets Manager [secretId=s3-to-azure/credentials]
2026-09-03 16:20:09,390 [restartedMain] INFO  c.s.f.config.SecretsManagerConfig - Successfully loaded 9 secret keys from AWS Secrets Manager
2026-09-03 16:20:09,405 [restartedMain] INFO  o.h.jpa.internal.util.LogHelper - HHH000204: Processing PersistenceUnitInfo [name: default]
2026-09-03 16:20:09,408 [restartedMain] INFO  o.h.c.i.RegionFactoryInitiator - HHH000026: Second-level cache disabled
2026-09-03 16:20:09,413 [restartedMain] INFO  o.s.o.j.p.SpringPersistenceUnitInfo - No LoadTimeWeaver setup: ignoring JPA class transformer
2026-09-03 16:20:09,414 [restartedMain] INFO  com.zaxxer.hikari.HikariDataSource - HikariPool-8 - Starting...
2026-09-03 16:20:09,433 [restartedMain] INFO  com.zaxxer.hikari.pool.HikariPool - HikariPool-8 - Added connection com.mysql.cj.jdbc.ConnectionImpl@5d83c750
2026-09-03 16:20:09,433 [restartedMain] INFO  com.zaxxer.hikari.HikariDataSource - HikariPool-8 - Start completed.
2026-09-03 16:20:09,450 [restartedMain] INFO  o.h.e.t.j.p.i.JtaPlatformInitiator - HHH000489: No JTA platform available (set 'hibernate.transaction.jta.platform' to enable JTA platform integration)
2026-09-03 16:20:09,450 [restartedMain] INFO  o.s.o.j.LocalContainerEntityManagerFactoryBean - Initialized JPA EntityManagerFactory for persistence unit 'default'
2026-09-03 16:20:09,476 [restartedMain] INFO  c.s.f.config.TransferConfig - Configuring TransferService with source: [s3Service], destination: [azureBlobService]
2026-09-03 16:20:09,476 [restartedMain] INFO  c.s.f.config.TransferConfig - Selected source: [s3Service] (identifier: aileen-bucket), destination: [azureBlobService] (identifier: s3-azure-connector)
2026-09-03 16:20:09,534 [restartedMain] INFO  o.s.b.d.a.OptionalLiveReloadServer - LiveReload server is running on port 35729
2026-09-03 16:20:09,541 [restartedMain] INFO  o.s.b.w.e.netty.NettyWebServer - Netty started on port 8586 (http)
2026-09-03 16:20:09,544 [restartedMain] INFO  c.s.f.FiletransferApplication - Started FiletransferApplication in 0.678 seconds (process running for 17285.16)
2026-09-03 16:20:09,544 [restartedMain] INFO  c.s.f.FiletransferApplication - ========== AWS SECRETS MANAGER CONNECTION TEST ==========
2026-09-03 16:20:09,545 [restartedMain] INFO  c.s.f.FiletransferApplication - Connection SUCCESSFUL! Loaded 9 secret keys.
2026-09-03 16:20:09,545 [restartedMain] INFO  c.s.f.FiletransferApplication -   Loaded key: aws_access_key_id
2026-09-03 16:20:09,545 [restartedMain] INFO  c.s.f.FiletransferApplication -   Loaded key: aws_secret_access_key
2026-09-03 16:20:09,545 [restartedMain] INFO  c.s.f.FiletransferApplication -   Loaded key: s3_bucket_name
2026-09-03 16:20:09,545 [restartedMain] INFO  c.s.f.FiletransferApplication -   Loaded key: s3_region
2026-09-03 16:20:09,545 [restartedMain] INFO  c.s.f.FiletransferApplication -   Loaded key: azure_storage_account_name
2026-09-03 16:20:09,545 [restartedMain] INFO  c.s.f.FiletransferApplication -   Loaded key: azure_storage_account_key
2026-09-03 16:20:09,545 [restartedMain] INFO  c.s.f.FiletransferApplication -   Loaded key: azure_container_name
2026-09-03 16:20:09,545 [restartedMain] INFO  c.s.f.FiletransferApplication -   Loaded key: mysql_username
2026-09-03 16:20:09,545 [restartedMain] INFO  c.s.f.FiletransferApplication -   Loaded key: mysql_password
2026-09-03 16:20:09,545 [restartedMain] INFO  c.s.f.FiletransferApplication - =========================================================
2026-09-03 16:20:09,545 [restartedMain] INFO  o.s.b.d.a.ConditionEvaluationDeltaLoggingListener - Condition evaluation unchanged
2026-09-03 17:10:39,070 [HikariPool-8 housekeeper] WARN  com.zaxxer.hikari.pool.HikariPool - HikariPool-8 - Thread starvation or clock leap detected (housekeeper delta=15m28s682ms).
2026-09-03 17:57:34,069 [HikariPool-8 housekeeper] WARN  com.zaxxer.hikari.pool.HikariPool - HikariPool-8 - Thread starvation or clock leap detected (housekeeper delta=6m23s380ms).
2026-09-03 18:04:53,939 [HikariPool-8 housekeeper] WARN  com.zaxxer.hikari.pool.HikariPool - HikariPool-8 - Thread starvation or clock leap detected (housekeeper delta=49s320ms).
2026-09-03 18:06:31,267 [HikariPool-8 housekeeper] WARN  com.zaxxer.hikari.pool.HikariPool - HikariPool-8 - Thread starvation or clock leap detected (housekeeper delta=1m7s315ms).
2026-09-03 18:12:54,100 [HikariPool-8 housekeeper] WARN  com.zaxxer.hikari.pool.HikariPool - HikariPool-8 - Thread starvation or clock leap detected (housekeeper delta=5m21s873ms).
2026-09-03 18:20:28,957 [HikariPool-8 housekeeper] WARN  com.zaxxer.hikari.pool.HikariPool - HikariPool-8 - Thread starvation or clock leap detected (housekeeper delta=5m29s134ms).
2026-09-03 18:23:03,559 [HikariPool-8 housekeeper] WARN  com.zaxxer.hikari.pool.HikariPool - HikariPool-8 - Thread starvation or clock leap detected (housekeeper delta=2m4s594ms).
2026-09-03 18:28:31,960 [HikariPool-8 housekeeper] WARN  com.zaxxer.hikari.pool.HikariPool - HikariPool-8 - Thread starvation or clock leap detected (housekeeper delta=5m28s401ms).
2026-09-03 18:36:01,122 [HikariPool-8 housekeeper] WARN  com.zaxxer.hikari.pool.HikariPool - HikariPool-8 - Thread starvation or clock leap detected (housekeeper delta=6m59s151ms).
2026-09-03 18:45:49,271 [HikariPool-8 housekeeper] WARN  com.zaxxer.hikari.pool.HikariPool - HikariPool-8 - Thread starvation or clock leap detected (housekeeper delta=7m48s124ms).
2026-09-03 20:46:37,367 [HikariPool-8 housekeeper] WARN  com.zaxxer.hikari.pool.HikariPool - HikariPool-8 - Thread starvation or clock leap detected (housekeeper delta=2m46s375ms).
2026-09-03 20:51:21,882 [HikariPool-8 housekeeper] WARN  com.zaxxer.hikari.pool.HikariPool - HikariPool-8 - Thread starvation or clock leap detected (housekeeper delta=4m44s526ms).
2026-09-03 20:54:06,125 [HikariPool-8 housekeeper] WARN  com.zaxxer.hikari.pool.HikariPool - HikariPool-8 - Thread starvation or clock leap detected (housekeeper delta=2m14s239ms).
2026-09-03 21:10:31,736 [HikariPool-8 housekeeper] WARN  com.zaxxer.hikari.pool.HikariPool - HikariPool-8 - Thread starvation or clock leap detected (housekeeper delta=14m25s568ms).
2026-09-03 21:31:41,270 [HikariPool-8 housekeeper] WARN  com.zaxxer.hikari.pool.HikariPool - HikariPool-8 - Thread starvation or clock leap detected (housekeeper delta=19m9s245ms).
2026-09-03 21:34:33,263 [HikariPool-8 housekeeper] WARN  com.zaxxer.hikari.pool.HikariPool - HikariPool-8 - Thread starvation or clock leap detected (housekeeper delta=1m21s966ms).
2026-09-03 21:41:28,973 [HikariPool-8 housekeeper] WARN  com.zaxxer.hikari.pool.HikariPool - HikariPool-8 - Thread starvation or clock leap detected (housekeeper delta=2m25s653ms).
2026-09-03 21:44:22,023 [HikariPool-8 housekeeper] WARN  com.zaxxer.hikari.pool.HikariPool - HikariPool-8 - Thread starvation or clock leap detected (housekeeper delta=1m23s28ms).
2026-09-03 22:00:51,035 [HikariPool-8 housekeeper] WARN  com.zaxxer.hikari.pool.HikariPool - HikariPool-8 - Thread starvation or clock leap detected (housekeeper delta=1m28s832ms).
2026-09-03 22:19:49,982 [HikariPool-8 housekeeper] WARN  com.zaxxer.hikari.pool.HikariPool - HikariPool-8 - Thread starvation or clock leap detected (housekeeper delta=1m28s662ms).
2026-09-03 22:23:31,650 [HikariPool-8 housekeeper] WARN  com.zaxxer.hikari.pool.HikariPool - HikariPool-8 - Thread starvation or clock leap detected (housekeeper delta=1m41s641ms).
2026-09-03 22:51:01,441 [HikariPool-8 housekeeper] WARN  com.zaxxer.hikari.pool.HikariPool - HikariPool-8 - Thread starvation or clock leap detected (housekeeper delta=9m29s648ms).
2026-09-03 23:16:20,162 [HikariPool-8 housekeeper] WARN  com.zaxxer.hikari.pool.HikariPool - HikariPool-8 - Thread starvation or clock leap detected (housekeeper delta=19m48s656ms).
2026-09-03 23:19:39,859 [HikariPool-8 housekeeper] WARN  com.zaxxer.hikari.pool.HikariPool - HikariPool-8 - Thread starvation or clock leap detected (housekeeper delta=3m19s701ms).
2026-09-03 23:28:00,394 [HikariPool-8 housekeeper] WARN  com.zaxxer.hikari.pool.HikariPool - HikariPool-8 - Thread starvation or clock leap detected (housekeeper delta=3m50s507ms).
2026-09-03 23:39:26,051 [HikariPool-8 housekeeper] WARN  com.zaxxer.hikari.pool.HikariPool - HikariPool-8 - Thread starvation or clock leap detected (housekeeper delta=3m55s575ms).
2026-09-03 23:47:05,275 [HikariPool-8 housekeeper] WARN  com.zaxxer.hikari.pool.HikariPool - HikariPool-8 - Thread starvation or clock leap detected (housekeeper delta=3m8s982ms).
2026-09-03 23:58:39,216 [HikariPool-8 housekeeper] WARN  com.zaxxer.hikari.pool.HikariPool - HikariPool-8 - Thread starvation or clock leap detected (housekeeper delta=1m3s789ms).
